Component: ARM Compiler 5.06 update 7 (build 960) Tool: armlink [4d3601]

==============================================================================

Section Cross References

    startup_stm32f103xb.o(RESET) refers to startup_stm32f103xb.o(STACK) for __initial_sp
    startup_stm32f103xb.o(RESET) refers to startup_stm32f103xb.o(.text) for Reset_Handler
    startup_stm32f103xb.o(RESET) refers to stm32f1xx_it.o(i.NMI_Handler) for NMI_Handler
    startup_stm32f103xb.o(RESET) refers to stm32f1xx_it.o(i.HardFault_Handler) for HardFault_Handler
    startup_stm32f103xb.o(RESET) refers to stm32f1xx_it.o(i.MemManage_Handler) for MemManage_Handler
    startup_stm32f103xb.o(RESET) refers to stm32f1xx_it.o(i.BusFault_Handler) for BusFault_Handler
    startup_stm32f103xb.o(RESET) refers to stm32f1xx_it.o(i.UsageFault_Handler) for UsageFault_Handler
    startup_stm32f103xb.o(RESET) refers to port.o(.emb_text) for SVC_Handler
    startup_stm32f103xb.o(RESET) refers to stm32f1xx_it.o(i.DebugMon_Handler) for DebugMon_Handler
    startup_stm32f103xb.o(RESET) refers to port.o(i.SysTick_Handler) for SysTick_Handler
    startup_stm32f103xb.o(RESET) refers to stm32f1xx_it.o(i.TIM4_IRQHandler) for TIM4_IRQHandler
    startup_stm32f103xb.o(RESET) refers to stm32f1xx_it.o(i.EXTI15_10_IRQHandler) for EXTI15_10_IRQHandler
    startup_stm32f103xb.o(.text) refers to system_stm32f1xx.o(i.SystemInit) for SystemInit
    startup_stm32f103xb.o(.text) refers to entry.o(.ARM.Collect$$$$00000000) for __main
    main.o(i.HAL_TIM_PeriodElapsedCallback) refers to stm32f1xx_hal.o(i.HAL_IncTick) for HAL_IncTick
    main.o(i.SystemClock_Config) refers to memseta.o(.text) for __aeabi_memclr4
    main.o(i.SystemClock_Config) refers to stm32f1xx_hal_rcc.o(i.HAL_RCC_OscConfig) for HAL_RCC_OscConfig
    main.o(i.SystemClock_Config) refers to stm32f1xx_hal_rcc.o(i.HAL_RCC_ClockConfig) for HAL_RCC_ClockConfig
    main.o(i.SystemClock_Config) refers to stm32f1xx_hal_rcc_ex.o(i.HAL_RCCEx_PeriphCLKConfig) for HAL_RCCEx_PeriphCLKConfig
    main.o(i.main) refers to stm32f1xx_hal.o(i.HAL_Init) for HAL_Init
    main.o(i.main) refers to main.o(i.SystemClock_Config) for SystemClock_Config
    main.o(i.main) refers to gpio.o(i.MX_GPIO_Init) for MX_GPIO_Init
    main.o(i.main) refers to i2c.o(i.MX_I2C1_Init) for MX_I2C1_Init
    main.o(i.main) refers to adc.o(i.MX_ADC1_Init) for MX_ADC1_Init
    main.o(i.main) refers to spi.o(i.MX_SPI1_Init) for MX_SPI1_Init
    main.o(i.main) refers to usb.o(i.MX_USB_PCD_Init) for MX_USB_PCD_Init
    main.o(i.main) refers to tim.o(i.MX_TIM1_Init) for MX_TIM1_Init
    main.o(i.main) refers to tim.o(i.MX_TIM2_Init) for MX_TIM2_Init
    main.o(i.main) refers to tim.o(i.MX_TIM3_Init) for MX_TIM3_Init
    main.o(i.main) refers to usart.o(i.MX_USART1_UART_Init) for MX_USART1_UART_Init
    main.o(i.main) refers to cmsis_os2.o(i.osKernelInitialize) for osKernelInitialize
    main.o(i.main) refers to freertos.o(i.MX_FREERTOS_Init) for MX_FREERTOS_Init
    main.o(i.main) refers to cmsis_os2.o(i.osKernelStart) for osKernelStart
    gpio.o(i.MX_GPIO_Init) refers to stm32f1xx_hal_gpio.o(i.HAL_GPIO_WritePin) for HAL_GPIO_WritePin
    gpio.o(i.MX_GPIO_Init) refers to stm32f1xx_hal_gpio.o(i.HAL_GPIO_Init) for HAL_GPIO_Init
    gpio.o(i.MX_GPIO_Init) refers to stm32f1xx_hal_cortex.o(i.HAL_NVIC_SetPriority) for HAL_NVIC_SetPriority
    gpio.o(i.MX_GPIO_Init) refers to stm32f1xx_hal_cortex.o(i.HAL_NVIC_EnableIRQ) for HAL_NVIC_EnableIRQ
    freertos.o(i.GetI2cMutex) refers to queue.o(i.xQueueSemaphoreTake) for xQueueSemaphoreTake
    freertos.o(i.GetI2cMutex) refers to freertos.o(.data) for .data
    freertos.o(i.MX_FREERTOS_Init) refers to driver_lcd.o(i.LCD_Init) for LCD_Init
    freertos.o(i.MX_FREERTOS_Init) refers to driver_rotary_encoder.o(i.RotaryEncoder_Init) for RotaryEncoder_Init
    freertos.o(i.MX_FREERTOS_Init) refers to driver_ir_receiver.o(i.IRReceiver_Init) for IRReceiver_Init
    freertos.o(i.MX_FREERTOS_Init) refers to driver_mpu6050.o(i.MPU6050_Init) for MPU6050_Init
    freertos.o(i.MX_FREERTOS_Init) refers to queue.o(i.xQueueCreateMutex) for xQueueCreateMutex
    freertos.o(i.MX_FREERTOS_Init) refers to tasks.o(i.xTaskCreate) for xTaskCreate
    freertos.o(i.MX_FREERTOS_Init) refers to freertos.o(.data) for .data
    freertos.o(i.MX_FREERTOS_Init) refers to taskfun.o(i.Task_Control) for Task_Control
    freertos.o(i.ReleaseI2cMutex) refers to queue.o(i.xQueueGenericSend) for xQueueGenericSend
    freertos.o(i.ReleaseI2cMutex) refers to freertos.o(.data) for .data
    freertos.o(i.StartDefaultTask) refers to driver_lcd.o(i.LCD_Init) for LCD_Init
    freertos.o(i.StartDefaultTask) refers to driver_lcd.o(i.LCD_Clear) for LCD_Clear
    freertos.o(i.StartDefaultTask) refers to driver_ir_receiver.o(i.IRReceiver_Init) for IRReceiver_Init
    freertos.o(i.StartDefaultTask) refers to queue.o(i.xQueueGenericCreate) for xQueueGenericCreate
    freertos.o(i.StartDefaultTask) refers to queue.o(i.xQueueReceive) for xQueueReceive
[...]
    .bss                                     0x200036cc   Section     1024  u8g2_d_memory.o(.bss)
    buf                                      0x200036cc   Data        1024  u8g2_d_memory.o(.bss)
    STACK                                    0x20003ad0   Section     1024  startup_stm32f103xb.o(STACK)

    Global Symbols

    Symbol Name                              Value     Ov Type        Size  Object(Section)

    BuildAttributes$$THM_ISAv4$P$D$K$B$S$PE$A:L22UL41UL21$X:L11$S22US41US21$IEEE1$IW$USESV6$~STKCKD$USESV7$~SHL$OTIME$ROPI$IEEEX$EBA8$MICROLIB$REQ8$PRES8$EABIv2 0x00000000   Number         0  anon$$obj.o ABSOLUTE
    __ARM_use_no_argv                        0x00000000   Number         0  main.o ABSOLUTE
    _printf_a                                0x00000000   Number         0  stubs.o ABSOLUTE
    _printf_c                                0x00000000   Number         0  stubs.o ABSOLUTE
    _printf_charcount                        0x00000000   Number         0  stubs.o ABSOLUTE
    _printf_d                                0x00000000   Number         0  stubs.o ABSOLUTE
    _printf_e                                0x00000000   Number         0  stubs.o ABSOLUTE
    _printf_f                                0x00000000   Number         0  stubs.o ABSOLUTE
    _printf_flags                            0x00000000   Number         0  stubs.o ABSOLUTE
    _printf_fp_dec                           0x00000000   Number         0  stubs.o ABSOLUTE
    _printf_fp_hex                           0x00000000   Number         0  stubs.o ABSOLUTE
    _printf_g                                0x00000000   Number         0  stubs.o ABSOLUTE
    _printf_i                                0x00000000   Number         0  stubs.o ABSOLUTE
    _printf_int_dec                          0x00000000   Number         0  stubs.o ABSOLUTE
    _printf_l                                0x00000000   Number         0  stubs.o ABSOLUTE
    _printf_lc                               0x00000000   Number         0  stubs.o ABSOLUTE
    _printf_ll                               0x00000000   Number         0  stubs.o ABSOLUTE
    _printf_lld                              0x00000000   Number         0  stubs.o ABSOLUTE
    _printf_lli                              0x00000000   Number         0  stubs.o ABSOLUTE
    _printf_llo                              0x00000000   Number         0  stubs.o ABSOLUTE
    _printf_llu                              0x00000000   Number         0  stubs.o ABSOLUTE
    _printf_llx                              0x00000000   Number         0  stubs.o ABSOLUTE
    _printf_longlong_dec                     0x00000000   Number         0  stubs.o ABSOLUTE
    _printf_longlong_hex                     0x00000000   Number         0  stubs.o ABSOLUTE
    _printf_longlong_oct                     0x00000000   Number         0  stubs.o ABSOLUTE
    _printf_ls                               0x00000000   Number         0  stubs.o ABSOLUTE
    _printf_mbtowc                           0x00000000   Number         0  stubs.o ABSOLUTE
    _printf_n                                0x00000000   Number         0  stubs.o ABSOLUTE
    _printf_o                                0x00000000   Number         0  stubs.o ABSOLUTE
    _printf_p                                0x00000000   Number         0  stubs.o ABSOLUTE
    _printf_percent                          0x00000000   Number         0  stubs.o ABSOLUTE
    _printf_pre_padding                      0x00000000   Number         0  stubs.o ABSOLUTE
    _printf_return_value                     0x00000000   Number         0  stubs.o ABSOLUTE
    _printf_s                                0x00000000   Number         0  stubs.o ABSOLUTE
    _printf_sizespec                         0x00000000   Number         0  stubs.o ABSOLUTE
    _printf_str                              0x00000000   Number         0  stubs.o ABSOLUTE
    _printf_truncate_signed                  0x00000000   Number         0  stubs.o ABSOLUTE
    _printf_truncate_unsigned                0x00000000   Number         0  stubs.o ABSOLUTE
    _printf_u                                0x00000000   Number         0  stubs.o ABSOLUTE
    _printf_wc                               0x00000000   Number         0  stubs.o ABSOLUTE
    _printf_wctomb                           0x00000000   Number         0  stubs.o ABSOLUTE
    _printf_widthprec                        0x00000000   Number         0  stubs.o ABSOLUTE
    _printf_x                                0x00000000   Number         0  stubs.o ABSOLUTE
    __arm_fini_                               - Undefined Weak Reference
    __cpp_initialize__aeabi_                  - Undefined Weak Reference
    __cxa_finalize                            - Undefined Weak Reference
    _clock_init                               - Undefined Weak Reference
    _microlib_exit                            - Undefined Weak Reference
    __Vectors_Size                           0x000000ec   Number         0  startup_stm32f103xb.o ABSOLUTE
    __Vectors                                0x08000000   Data           4  startup_stm32f103xb.o(RESET)
    __Vectors_End                            0x080000ec   Data           0  startup_stm32f103xb.o(RESET)
    __main                                   0x080000ed   Thumb Code     0  entry.o(.ARM.Collect$$$$00000000)
    _main_stk                                0x080000ed   Thumb Code     0  entry2.o(.ARM.Collect$$$$00000001)
    _main_scatterload                        0x080000f1   Thumb Code     0  entry5.o(.ARM.Collect$$$$00000004)
    __main_after_scatterload                 0x080000f5   Thumb Code     0  entry5.o(.ARM.Collect$$$$00000004)
    _main_clock                              0x080000f5   Thumb Code     0  entry7b.o(.ARM.Collect$$$$00000008)
    _main_cpp_init                           0x080000f5   Thumb Code     0  entry8b.o(.ARM.Collect$$$$0000000A)
    _main_init                               0x080000f5   Thumb Code     0  entry9a.o(.ARM.Collect$$$$0000000B)
    __rt_lib_shutdown_fini                   0x080000fd   Thumb Code     0  entry12b.o(.ARM.Collect$$$$0000000E)
    __rt_final_cpp                           0x08000101   Thumb Code     0  entry10a.o(.ARM.Collect$$$$0000000F)
    __rt_final_exit                          0x08000101   Thumb Code     0  entry11a.o(.ARM.Collect$$$$00000011)
    SVC_Handler                              0x08000105   Thumb Code    32  port.o(.emb_text)
    __asm___6_port_c_39a90d8d__prvStartFirstTask 0x08000129   Thumb Code    28  port.o(.emb_text)
    PendSV_Handler                           0x08000149   Thumb Code    72  port.o(.emb_text)
    vPortGetIPSR                             0x08000195   Thumb Code     6  port.o(.emb_text)
    Reset_Handler                            0x0800019d   Thumb Code     8  startup_stm32f103xb.o(.text)
    ADC1_2_IRQHandler                        0x080001b7   Thumb Code     0  startup_stm32f103xb.o(.text)
    CAN1_RX1_IRQHandler                      0x080001b7   Thumb Code     0  startup_stm32f103xb.o(.text)
    CAN1_SCE_IRQHandler                      0x080001b7   Thumb Code     0  startup_stm32f103xb.o(.text)
    DMA1_Channel1_IRQHandler                 0x080001b7   Thumb Code     0  startup_stm32f103xb.o(.text)
    DMA1_Channel2_IRQHandler                 0x080001b7   Thumb Code     0  startup_stm32f103xb.o(.text)
    DMA1_Channel3_IRQHandler                 0x080001b7   Thumb Code     0  startup_stm32f103xb.o(.text)
    DMA1_Channel4_IRQHandler                 0x080001b7   Thumb Code     0  startup_stm32f103xb.o(.text)
    DMA1_Channel5_IRQHandler                 0x080001b7   Thumb Code     0  startup_stm32f103xb.o(.text)
    DMA1_Channel6_IRQHandler                 0x080001b7   Thumb Code     0  startup_stm32f103xb.o(.text)
    DMA1_Channel7_IRQHandler                 0x080001b7   Thumb Code     0  startup_stm32f103xb.o(.text)
    EXTI0_IRQHandler                         0x080001b7   Thumb Code     0  startup_stm32f103xb.o(.text)
    EXTI1_IRQHandler                         0x080001b7   Thumb Code     0  startup_stm32f103xb.o(.text)
    EXTI2_IRQHandler                         0x080001b7   Thumb Code     0  startup_stm32f103xb.o(.text)
    EXTI3_IRQHandler                         0x080001b7   Thumb Code     0  startup_stm32f103xb.o(.text)
    EXTI4_IRQHandler                         0x080001b7   Thumb Code     0  startup_stm32f103xb.o(.text)
    EXTI9_5_IRQHandler                       0x080001b7   Thumb Code     0  startup_stm32f103xb.o(.text)
    FLASH_IRQHandler                         0x080001b7   Thumb Code     0  startup_stm32f103xb.o(.text)
    I2C1_ER_IRQHandler                       0x080001b7   Thumb Code     0  startup_stm32f103xb.o(.text)
    I2C1_EV_IRQHandler                       0x080001b7   Thumb Code     0  startup_stm32f103xb.o(.text)
    I2C2_ER_IRQHandler                       0x080001b7   Thumb Code     0  startup_stm32f103xb.o(.text)
    I2C2_EV_IRQHandler                       0x080001b7   Thumb Code     0  startup_stm32f103xb.o(.text)
    PVD_IRQHandler                           0x080001b7   Thumb Code     0  startup_stm32f103xb.o(.text)
    RCC_IRQHandler                           0x080001b7   Thumb Code     0  startup_stm32f103xb.o(.text)
    RTC_Alarm_IRQHandler                     0x080001b7   Thumb Code     0  startup_stm32f103xb.o(.text)
    RTC_IRQHandler                           0x080001b7   Thumb Code     0  startup_stm32f103xb.o(.text)
    SPI1_IRQHandler                          0x080001b7   Thumb Code     0  startup_stm32f103xb.o(.text)
    SPI2_IRQHandler                          0x080001b7   Thumb Code     0  startup_stm32f103xb.o(.text)
    TAMPER_IRQHandler                        0x080001b7   Thumb Code     0  startup_stm32f103xb.o(.text)
    TIM1_BRK_IRQHandler                      0x080001b7   Thumb Code     0  startup_stm32f103xb.o(.text)
    TIM1_CC_IRQHandler                       0x080001b7   Thumb Code     0  startup_stm32f103xb.o(.text)
    TIM1_TRG_COM_IRQHandler                  0x080001b7   Thumb Code     0  startup_stm32f103xb.o(.text)
    TIM1_UP_IRQHandler                       0x080001b7   Thumb Code     0  startup_stm32f103xb.o(.text)
    TIM2_IRQHandler                          0x080001b7   Thumb Code     0  startup_stm32f103xb.o(.text)
    TIM3_IRQHandler                          0x080001b7   Thumb Code     0  startup_stm32f103xb.o(.text)
    USART1_IRQHandler                        0x080001b7   Thumb Code     0  startup_stm32f103xb.o(.text)
    USART2_IRQHandler                        0x080001b7   Thumb Code     0  startup_stm32f103xb.o(.text)
    USART3_IRQHandler                        0x080001b7   Thumb Code     0  startup_stm32f103xb.o(.text)
    USBWakeUp_IRQHandler                     0x080001b7   Thumb Code     0  startup_stm32f103xb.o(.text)
    USB_HP_CAN1_TX_IRQHandler                0x080001b7   Thumb Code     0  startup_stm32f103xb.o(.text)
    USB_LP_CAN1_RX0_IRQHandler               0x080001b7   Thumb Code     0  startup_stm32f103xb.o(.text)
    WWDG_IRQHandler                          0x080001b7   Thumb Code     0  startup_stm32f103xb.o(.text)
    __aeabi_uldivmod                         0x080001c1   Thumb Code    98  uldiv.o(.text)
    __aeabi_llsr                             0x08000223   Thumb Code    32  llushr.o(.text)
    _ll_ushift_r                             0x08000223   Thumb Code     0  llushr.o(.text)
    __aeabi_memcpy                           0x08000243   Thumb Code    36  memcpya.o(.text)
    __aeabi_memcpy4                          0x08000243   Thumb Code     0  memcpya.o(.text)
    __aeabi_memcpy8                          0x08000243   Thumb Code     0  memcpya.o(.text)
    __aeabi_memset                           0x08000267   Thumb Code    14  memseta.o(.text)
    __aeabi_memset4                          0x08000267   Thumb Code     0  memseta.o(.text)
    __aeabi_memset8                          0x08000267   Thumb Code     0  memseta.o(.text)
    __aeabi_memclr                           0x08000275   Thumb Code     4  memseta.o(.text)
    __aeabi_memclr4                          0x08000275   Thumb Code     0  memseta.o(.text)
    __aeabi_memclr8                          0x08000275   Thumb Code     0  memseta.o(.text)
    memset                                   0x08000279   Thumb Code    18  memseta.o(.text)
    __aeabi_dmul                             0x0800028b   Thumb Code   228  dmul.o(.text)
    __aeabi_ddiv                             0x0800036f   Thumb Code   222  ddiv.o(.text)
    __aeabi_i2d                              0x0800044d   Thumb Code    34  dflti.o(.text)
    __aeabi_d2iz                             0x0800046f   Thumb Code    62  dfixi.o(.text)
    __aeabi_uidiv                            0x080004ad   Thumb Code     0  uidiv.o(.text)
    __aeabi_uidivmod                         0x080004ad   Thumb Code    44  uidiv.o(.text)
    __aeabi_llsl                             0x080004d9   Thumb Code    30  llshl.o(.text)
    _ll_shift_l                              0x080004d9   Thumb Code     0  llshl.o(.text)
    __I$use$fp                               0x080004f7   Thumb Code     0  iusefp.o(.text)
    _double_round                            0x080004f7   Thumb Code    30  depilogue.o(.text)
    _double_epilogue                         0x08000515   Thumb Code   156  depilogue.o(.text)
    __scatterload                            0x080005b1   Thumb Code    28  init.o(.text)
    __scatterload_rt2                        0x080005b1   Thumb Code     0  init.o(.text)
    __decompress                             0x080005d5   Thumb Code     0  __dczerorl2.o(.text)
    __decompress1                            0x080005d5   Thumb Code    86  __dczerorl2.o(.text)
    ADC_ConversionStop_Disable               0x0800062d   Thumb Code    86  stm32f1xx_hal_adc.o(i.ADC_ConversionStop_Disable)
    Anal_IRData                              0x08000685   Thumb Code    38  taskfun.o(i.Anal_IRData)
    BusFault_Handler                         0x080006b1   Thumb Code     2  stm32f1xx_it.o(i.BusFault_Handler)
    CreateTask                               0x080006b3   Thumb Code    24  taskfun.o(i.CreateTask)
    DebugMon_Handler                         0x080006cb   Thumb Code     2  stm32f1xx_it.o(i.DebugMon_Handler)
    EXTI15_10_IRQHandler                     0x08000701   Thumb Code    30  stm32f1xx_it.o(i.EXTI15_10_IRQHandler)
    Error_Handler                            0x0800071f   Thumb Code     4  main.o(i.Error_Handler)
    HAL_ADC_ConfigChannel                    0x08000725   Thumb Code   240  stm32f1xx_hal_adc.o(i.HAL_ADC_ConfigChannel)
    HAL_ADC_Init                             0x08000821   Thumb Code   272  stm32f1xx_hal_adc.o(i.HAL_ADC_Init)
    HAL_ADC_MspInit                          0x0800093d   Thumb Code    76  adc.o(i.HAL_ADC_MspInit)
    HAL_Delay                                0x08000995   Thumb Code    32  stm32f1xx_hal.o(i.HAL_Delay)
    HAL_GPIO_EXTI_Callback                   0x080009b9   Thumb Code    22  driver_irq.o(i.HAL_GPIO_EXTI_Callback)
    HAL_GPIO_EXTI_IRQHandler                 0x080009d1   Thumb Code    18  stm32f1xx_hal_gpio.o(i.HAL_GPIO_EXTI_IRQHandler)
    HAL_GPIO_Init                            0x080009e9   Thumb Code   446  stm32f1xx_hal_gpio.o(i.HAL_GPIO_Init)
    HAL_GPIO_ReadPin                         0x08000bc9   Thumb Code    10  stm32f1xx_hal_gpio.o(i.HAL_GPIO_ReadPin)
    HAL_GPIO_WritePin                        0x08000bd3   Thumb Code    10  stm32f1xx_hal_gpio.o(i.HAL_GPIO_WritePin)
    HAL_GetTick                              0x08000bdd   Thumb Code     6  stm32f1xx_hal.o(i.HAL_GetTick)
    HAL_I2C_Init                             0x08000be9   Thumb Code   376  stm32f1xx_hal_i2c.o(i.HAL_I2C_Init)
    HAL_I2C_Master_Transmit                  0x08000d71   Thumb Code   290  stm32f1xx_hal_i2c.o(i.HAL_I2C_Master_Transmit)
    HAL_I2C_MspInit                          0x08000e9d   Thumb Code    80  i2c.o(i.HAL_I2C_MspInit)
    HAL_IncTick                              0x08000ef9   Thumb Code    12  stm32f1xx_hal.o(i.HAL_IncTick)
    HAL_Init                                 0x08000f09   Thumb Code    32  stm32f1xx_hal.o(i.HAL_Init)
    HAL_InitTick                             0x08000f2d   Thumb Code   132  stm32f1xx_hal_timebase_tim.o(i.HAL_InitTick)
    HAL_MspInit                              0x08000fc5   Thumb Code    62  stm32f1xx_hal_msp.o(i.HAL_MspInit)
    HAL_NVIC_EnableIRQ                       0x0800100d   Thumb Code    26  stm32f1xx_hal_cortex.o(i.HAL_NVIC_EnableIRQ)
    HAL_NVIC_SetPriority                     0x08001029   Thumb Code    60  stm32f1xx_hal_cortex.o(i.HAL_NVIC_SetPriority)
    HAL_NVIC_SetPriorityGrouping             0x08001069   Thumb Code    26  stm32f1xx_hal_cortex.o(i.HAL_NVIC_SetPriorityGrouping)
    HAL_PCD_Init                             0x0800108d   Thumb Code   218  stm32f1xx_hal_pcd.o(i.HAL_PCD_Init)
    HAL_PCD_MspInit                          0x08001169   Thumb Code    30  usb.o(i.HAL_PCD_MspInit)
    HAL_RCCEx_PeriphCLKConfig                0x08001191   Thumb Code   224  stm32f1xx_hal_rcc_ex.o(i.HAL_RCCEx_PeriphCLKConfig)
    HAL_RCC_ClockConfig                      0x0800127d   Thumb Code   280  stm32f1xx_hal_rcc.o(i.HAL_RCC_ClockConfig)
    HAL_RCC_GetClockConfig                   0x080013a9   Thumb Code    54  stm32f1xx_hal_rcc.o(i.HAL_RCC_GetClockConfig)
    HAL_RCC_GetPCLK1Freq                     0x080013e9   Thumb Code    20  stm32f1xx_hal_rcc.o(i.HAL_RCC_GetPCLK1Freq)
    HAL_RCC_GetPCLK2Freq                     0x08001409   Thumb Code    20  stm32f1xx_hal_rcc.o(i.HAL_RCC_GetPCLK2Freq)
    HAL_RCC_GetSysClockFreq                  0x08001429   Thumb Code    58  stm32f1xx_hal_rcc.o(i.HAL_RCC_GetSysClockFreq)
    HAL_RCC_OscConfig                        0x08001475   Thumb Code   778  stm32f1xx_hal_rcc.o(i.HAL_RCC_OscConfig)
    HAL_SPI_Init                             0x08001795   Thumb Code   178  stm32f1xx_hal_spi.o(i.HAL_SPI_Init)
    HAL_SPI_MspInit                          0x08001849   Thumb Code    98  spi.o(i.HAL_SPI_MspInit)
    HAL_TIMEx_BreakCallback                  0x080018b9   Thumb Code     2  stm32f1xx_hal_tim_ex.o(i.HAL_TIMEx_BreakCallback)
    HAL_TIMEx_CommutCallback                 0x080018bb   Thumb Code     2  stm32f1xx_hal_tim_ex.o(i.HAL_TIMEx_CommutCallback)
    HAL_TIMEx_ConfigBreakDeadTime            0x080018bd   Thumb Code    84  stm32f1xx_hal_tim_ex.o(i.HAL_TIMEx_ConfigBreakDeadTime)
    HAL_TIMEx_MasterConfigSynchronization    0x08001911   Thumb Code    92  stm32f1xx_hal_tim_ex.o(i.HAL_TIMEx_MasterConfigSynchronization)
    HAL_TIM_Base_Init                        0x08001979   Thumb Code    90  stm32f1xx_hal_tim.o(i.HAL_TIM_Base_Init)
    HAL_TIM_Base_MspInit                     0x080019d5   Thumb Code    52  tim.o(i.HAL_TIM_Base_MspInit)
    HAL_TIM_Base_Start_IT                    0x08001a11   Thumb Code    76  stm32f1xx_hal_tim.o(i.HAL_TIM_Base_Start_IT)
    HAL_TIM_ConfigClockSource                0x08001a69   Thumb Code   220  stm32f1xx_hal_tim.o(i.HAL_TIM_ConfigClockSource)
    HAL_TIM_IC_CaptureCallback               0x08001b45   Thumb Code     2  stm32f1xx_hal_tim.o(i.HAL_TIM_IC_CaptureCallback)
    HAL_TIM_IRQHandler                       0x08001b47   Thumb Code   358  stm32f1xx_hal_tim.o(i.HAL_TIM_IRQHandler)
    HAL_TIM_MspPostInit                      0x08001cad   Thumb Code   212  tim.o(i.HAL_TIM_MspPostInit)
    HAL_TIM_OC_DelayElapsedCallback          0x08001d99   Thumb Code     2  stm32f1xx_hal_tim.o(i.HAL_TIM_OC_DelayElapsedCallback)
    HAL_TIM_PWM_ConfigChannel                0x08001d9b   Thumb Code   204  stm32f1xx_hal_tim.o(i.HAL_TIM_PWM_ConfigChannel)
    HAL_TIM_PWM_Init                         0x08001e67   Thumb Code    90  stm32f1xx_hal_tim.o(i.HAL_TIM_PWM_Init)
    HAL_TIM_PWM_MspInit                      0x08001ec1   Thumb Code    30  tim.o(i.HAL_TIM_PWM_MspInit)
    HAL_TIM_PWM_PulseFinishedCallback        0x08001ee9   Thumb Code     2  stm32f1xx_hal_tim.o(i.HAL_TIM_PWM_PulseFinishedCallback)
    HAL_TIM_PeriodElapsedCallback            0x08001eed   Thumb Code    14  main.o(i.HAL_TIM_PeriodElapsedCallback)
    HAL_TIM_TriggerCallback                  0x08001f01   Thumb Code     2  stm32f1xx_hal_tim.o(i.HAL_TIM_TriggerCallback)
    HAL_UART_Init                            0x08001f03   Thumb Code   100  stm32f1xx_hal_uart.o(i.HAL_UART_Init)
    HAL_UART_MspInit                         0x08001f69   Thumb Code   100  usart.o(i.HAL_UART_MspInit)
    HardFault_Handler                        0x08001fd9   Thumb Code     2  stm32f1xx_it.o(i.HardFault_Handler)
    IRReceiver_IRQ_Callback                  0x080023bd   Thumb Code   156  driver_ir_receiver.o(i.IRReceiver_IRQ_Callback)
    IRReceiver_Init                          0x08002471   Thumb Code     2  driver_ir_receiver.o(i.IRReceiver_Init)
    LCD_Init                                 0x08002473   Thumb Code     4  driver_lcd.o(i.LCD_Init)
    MPU6050_Init                             0x08002479   Thumb Code    68  driver_mpu6050.o(i.MPU6050_Init)
    MX_ADC1_Init                             0x080024e5   Thumb Code    70  adc.o(i.MX_ADC1_Init)
    MX_FREERTOS_Init                         0x08002535   Thumb Code    50  freertos.o(i.MX_FREERTOS_Init)
    MX_GPIO_Init                             0x08002581   Thumb Code   310  gpio.o(i.MX_GPIO_Init)
    MX_I2C1_Init                             0x080026d1   Thumb Code    50  i2c.o(i.MX_I2C1_Init)
    MX_SPI1_Init                             0x08002711   Thumb Code    62  spi.o(i.MX_SPI1_Init)
    MX_TIM1_Init                             0x08002759   Thumb Code   198  tim.o(i.MX_TIM1_Init)
    MX_TIM2_Init                             0x08002829   Thumb Code   182  tim.o(i.MX_TIM2_Init)
    MX_TIM3_Init                             0x080028e5   Thumb Code   110  tim.o(i.MX_TIM3_Init)
    MX_USART1_UART_Init                      0x0800295d   Thumb Code    48  usart.o(i.MX_USART1_UART_Init)
    MX_USB_PCD_Init                          0x08002995   Thumb Code    42  usb.o(i.MX_USB_PCD_Init)
    MemManage_Handler                        0x080029c9   Thumb Code     2  stm32f1xx_it.o(i.MemManage_Handler)
    NMI_Handler                              0x080029cb   Thumb Code     2  stm32f1xx_it.o(i.NMI_Handler)
    OLED_Init                                0x080029cd   Thumb Code   142  driver_oled.o(i.OLED_Init)
    RegisterQueueHandle                      0x08002ab5   Thumb Code    20  driver_ir_receiver.o(i.RegisterQueueHandle)
    ResumeTask                               0x08002ad1   Thumb Code     8  taskfun.o(i.ResumeTask)
    RotaryEncoder_IRQ_Callback               0x08002ad9   Thumb Code   138  driver_rotary_encoder.o(i.RotaryEncoder_IRQ_Callback)
    RotaryEncoder_Init                       0x08002b75   Thumb Code    18  driver_rotary_encoder.o(i.RotaryEncoder_Init)
    Second_Menu                              0x08002b8d   Thumb Code   702  menuall.o(i.Second_Menu)
    Start_Menu                               0x08002e7d   Thumb Code   290  menuall.o(i.Start_Menu)
    SuspendTask                              0x08002fed   Thumb Code     8  taskfun.o(i.SuspendTask)
    SysTick_Handler                          0x08002ff5   Thumb Code    38  port.o(i.SysTick_Handler)
    SystemClock_Config                       0x08003021   Thumb Code   124  main.o(i.SystemClock_Config)
    SystemInit                               0x0800309d   Thumb Code     2  system_stm32f1xx.o(i.SystemInit)
    TIM4_IRQHandler                          0x080030a1   Thumb Code     6  stm32f1xx_it.o(i.TIM4_IRQHandler)
    TIM_Base_SetConfig                       0x080030ad   Thumb Code    94  stm32f1xx_hal_tim.o(i.TIM_Base_SetConfig)
    TIM_ETR_SetConfig                        0x08003119   Thumb Code    20  stm32f1xx_hal_tim.o(i.TIM_ETR_SetConfig)
    TIM_OC2_SetConfig                        0x0800318d   Thumb Code    84  stm32f1xx_hal_tim.o(i.TIM_OC2_SetConfig)
    Task_Control                             0x080032c9   Thumb Code   214  taskfun.o(i.Task_Control)
    UI_Arrow                                 0x08003465   Thumb Code   180  menuall.o(i.UI_Arrow)
    USB_CoreInit                             0x08003531   Thumb Code     4  stm32f1xx_ll_usb.o(i.USB_CoreInit)
    USB_DevDisconnect                        0x08003535   Thumb Code     4  stm32f1xx_ll_usb.o(i.USB_DevDisconnect)
    USB_DevInit                              0x08003539   Thumb Code    18  stm32f1xx_ll_usb.o(i.USB_DevInit)
    USB_DisableGlobalInt                     0x0800354b   Thumb Code    14  stm32f1xx_ll_usb.o(i.USB_DisableGlobalInt)
    USB_SetCurrentMode                       0x08003559   Thumb Code     4  stm32f1xx_ll_usb.o(i.USB_SetCurrentMode)
    UsageFault_Handler                       0x0800355d   Thumb Code     2  stm32f1xx_it.o(i.UsageFault_Handler)
    __0sprintf$6                             0x08003561   Thumb Code    34  printf6.o(i.__0sprintf$6)
    __1sprintf$6                             0x08003561   Thumb Code     0  printf6.o(i.__0sprintf$6)
    __2sprintf                               0x08003561   Thumb Code     0  printf6.o(i.__0sprintf$6)
    __scatterload_copy                       0x080035a9   Thumb Code    14  handlers.o(i.__scatterload_copy)
    __scatterload_null                       0x080035b7   Thumb Code     2  handlers.o(i.__scatterload_null)
    __scatterload_zeroinit                   0x080035b9   Thumb Code    14  handlers.o(i.__scatterload_zeroinit)
    main                                     0x08003915   Thumb Code    58  main.o(i.main)
    osKernelInitialize                       0x08003951   Thumb Code    50  cmsis_os2.o(i.osKernelInitialize)
    osKernelStart                            0x08003989   Thumb Code    58  cmsis_os2.o(i.osKernelStart)
    pvPortMalloc                             0x080041d5   Thumb Code   210  heap_4.o(i.pvPortMalloc)
    pxPortInitialiseStack                    0x080042ad   Thumb Code    32  port.o(i.pxPortInitialiseStack)
    system_get_ns                            0x080042d1   Thumb Code    58  driver_timer.o(i.system_get_ns)
    testDrawProcess                          0x08004315   Thumb Code   158  fun_u8g2.o(i.testDrawProcess)
    u8g2Init                                 0x080043d5   Thumb Code    38  stm32_u8g2.o(i.u8g2Init)
    u8g2_ClearBuffer                         0x08004409   Thumb Code    18  u8g2_buffer.o(i.u8g2_ClearBuffer)
    u8g2_DrawBox                             0x0800441b   Thumb Code    68  u8g2_box.o(i.u8g2_DrawBox)
    u8g2_DrawCircle                          0x0800445f   Thumb Code    64  u8g2_circle.o(i.u8g2_DrawCircle)
    u8g2_DrawDisc                            0x0800449f   Thumb Code    64  u8g2_circle.o(i.u8g2_DrawDisc)
    u8g2_DrawGlyph                           0x080044df   Thumb Code   112  u8g2_font.o(i.u8g2_DrawGlyph)
    u8g2_DrawHLine                           0x0800454f   Thumb Code    12  u8g2_hvline.o(i.u8g2_DrawHLine)
    u8g2_DrawHVLine                          0x0800455d   Thumb Code   172  u8g2_hvline.o(i.u8g2_DrawHVLine)
    u8g2_DrawHXBMP                           0x08004609   Thumb Code   148  u8g2_bitmap.o(i.u8g2_DrawHXBMP)
    u8g2_DrawPixel                           0x0800469d   Thumb Code    46  u8g2_hvline.o(i.u8g2_DrawPixel)
    u8g2_DrawRBox                            0x080046cb   Thumb Code   230  u8g2_box.o(i.u8g2_DrawRBox)
    u8g2_DrawRFrame                          0x080047b1   Thumb Code   258  u8g2_box.o(i.u8g2_DrawRFrame)
    u8g2_DrawStr                             0x080048b5   Thumb Code    12  u8g2_font.o(i.u8g2_DrawStr)
    u8g2_DrawVLine                           0x080048c5   Thumb Code    12  u8g2_hvline.o(i.u8g2_DrawVLine)
    u8g2_DrawXBMP                            0x080048d1   Thumb Code    76  u8g2_bitmap.o(i.u8g2_DrawXBMP)
    u8g2_GetGlyphWidth                       0x0800491d   Thumb Code    62  u8g2_font.o(i.u8g2_GetGlyphWidth)
    u8g2_GetStrWidth                         0x0800495d   Thumb Code     8  u8g2_font.o(i.u8g2_GetStrWidth)
    u8g2_IsIntersection                      0x08004969   Thumb Code    48  u8g2_intersection.o(i.u8g2_IsIntersection)
    u8g2_SendBuffer                          0x08004999   Thumb Code    18  u8g2_buffer.o(i.u8g2_SendBuffer)
    u8g2_SetFont                             0x080049ab   Thumb Code    32  u8g2_font.o(i.u8g2_SetFont)
    u8g2_SetFontPosBaseline                  0x080049cd   Thumb Code     6  u8g2_font.o(i.u8g2_SetFontPosBaseline)
    u8g2_SetMaxClipWindow                    0x080049d9   Thumb Code    28  u8g2_setup.o(i.u8g2_SetMaxClipWindow)
    u8g2_SetupBuffer                         0x080049f5   Thumb Code    70  u8g2_setup.o(i.u8g2_SetupBuffer)
    u8g2_Setup_ssd1306_i2c_128x64_noname_f   0x08004a3d   Thumb Code    42  u8g2_d_setup.o(i.u8g2_Setup_ssd1306_i2c_128x64_noname_f)
    u8g2_UpdateRefHeight                     0x08004a75   Thumb Code    82  u8g2_font.o(i.u8g2_UpdateRefHeight)
    u8g2_add_vector_x                        0x08004ac7   Thumb Code    28  u8g2_font.o(i.u8g2_add_vector_x)
    u8g2_add_vector_y                        0x08004ae3   Thumb Code    28  u8g2_font.o(i.u8g2_add_vector_y)
    u8g2_draw_hv_line_2dir                   0x08004e03   Thumb Code    18  u8g2_hvline.o(i.u8g2_draw_hv_line_2dir)
    u8g2_draw_l90_r0                         0x08004e15   Thumb Code    12  u8g2_setup.o(i.u8g2_draw_l90_r0)
    u8g2_font_calc_vref_font                 0x08004e97   Thumb Code     4  u8g2_font.o(i.u8g2_font_calc_vref_font)
    u8g2_font_decode_get_signed_bits         0x08004e9b   Thumb Code    20  u8g2_font.o(i.u8g2_font_decode_get_signed_bits)
    u8g2_font_decode_get_unsigned_bits       0x08004eaf   Thumb Code    52  u8g2_font.o(i.u8g2_font_decode_get_unsigned_bits)
    u8g2_font_decode_glyph                   0x08004ee5   Thumb Code   276  u8g2_font.o(i.u8g2_font_decode_glyph)
    u8g2_font_decode_len                     0x08004ff9   Thumb Code   140  u8g2_font.o(i.u8g2_font_decode_len)
    u8g2_font_get_glyph_data                 0x08005085   Thumb Code   114  u8g2_font.o(i.u8g2_font_get_glyph_data)
    u8g2_is_intersection_decision_tree       0x0800513f   Thumb Code    24  u8g2_intersection.o(i.u8g2_is_intersection_decision_tree)
    u8g2_ll_hvline_vertical_top_lsb          0x08005159   Thumb Code   144  u8g2_ll_hvline.o(i.u8g2_ll_hvline_vertical_top_lsb)
    u8g2_m_16_8_f                            0x080051e9   Thumb Code     8  u8g2_d_memory.o(i.u8g2_m_16_8_f)
    u8g2_read_font_info                      0x080051f5   Thumb Code   106  u8g2_font.o(i.u8g2_read_font_info)
    u8g2_update_dimension_r0                 0x08005367   Thumb Code     4  u8g2_setup.o(i.u8g2_update_dimension_r0)
    u8g2_update_page_win_r0                  0x0800536b   Thumb Code    34  u8g2_setup.o(i.u8g2_update_page_win_r0)
    u8x8_DrawTile                            0x0800538d   Thumb Code    30  u8x8_display.o(i.u8x8_DrawTile)
    u8x8_InitDisplay                         0x080053ab   Thumb Code    16  u8x8_display.o(i.u8x8_InitDisplay)
    u8x8_RefreshDisplay                      0x080053bb   Thumb Code    16  u8x8_display.o(i.u8x8_RefreshDisplay)
    u8x8_SetPowerSave                        0x080053cb   Thumb Code    16  u8x8_display.o(i.u8x8_SetPowerSave)
    u8x8_Setup                               0x080053db   Thumb Code    34  u8x8_setup.o(i.u8x8_Setup)
    u8x8_SetupDefaults                       0x080053fd   Thumb Code    32  u8x8_setup.o(i.u8x8_SetupDefaults)
    u8x8_SetupMemory                         0x08005421   Thumb Code    16  u8x8_display.o(i.u8x8_SetupMemory)
    u8x8_ascii_next                          0x08005431   Thumb Code    14  u8x8_8x8.o(i.u8x8_ascii_next)
    u8x8_byte_EndTransfer                    0x0800543f   Thumb Code    16  u8x8_byte.o(i.u8x8_byte_EndTransfer)
    u8x8_byte_SendByte                       0x0800544f   Thumb Code    14  u8x8_byte.o(i.u8x8_byte_SendByte)
    u8x8_byte_StartTransfer                  0x0800545d   Thumb Code    16  u8x8_byte.o(i.u8x8_byte_StartTransfer)
    u8x8_byte_hw_i2c                         0x0800546d   Thumb Code    98  stm32_u8g2.o(i.u8x8_byte_hw_i2c)
    u8x8_cad_EndTransfer                     0x080054dd   Thumb Code    16  u8x8_cad.o(i.u8x8_cad_EndTransfer)
    u8x8_cad_SendArg                         0x080054ed   Thumb Code    16  u8x8_cad.o(i.u8x8_cad_SendArg)
    u8x8_cad_SendCmd                         0x080054fd   Thumb Code    16  u8x8_cad.o(i.u8x8_cad_SendCmd)
    u8x8_cad_SendData                        0x0800550d   Thumb Code    16  u8x8_cad.o(i.u8x8_cad_SendData)
    u8x8_cad_SendSequence                    0x0800551d   Thumb Code   104  u8x8_cad.o(i.u8x8_cad_SendSequence)
    u8x8_cad_StartTransfer                   0x08005585   Thumb Code    16  u8x8_cad.o(i.u8x8_cad_StartTransfer)
    u8x8_cad_ssd13xx_fast_i2c                0x08005595   Thumb Code   182  u8x8_cad.o(i.u8x8_cad_ssd13xx_fast_i2c)
    u8x8_d_helper_display_init               0x08005651   Thumb Code    96  u8x8_display.o(i.u8x8_d_helper_display_init)
    u8x8_d_helper_display_setup_memory       0x080056b1   Thumb Code    10  u8x8_display.o(i.u8x8_d_helper_display_setup_memory)
    u8x8_d_ssd1306_128x64_noname             0x080056bd   Thumb Code    52  u8x8_d_ssd1306_128x64_noname.o(i.u8x8_d_ssd1306_128x64_noname)
    u8x8_dummy_cb                            0x080057c1   Thumb Code     4  u8x8_setup.o(i.u8x8_dummy_cb)
    u8x8_gpio_and_delay                      0x080057c5   Thumb Code   106  stm32_u8g2.o(i.u8x8_gpio_and_delay)
    u8x8_gpio_call                           0x0800582f   Thumb Code    12  u8x8_gpio.o(i.u8x8_gpio_call)
    u8x8_utf8_init                           0x08005867   Thumb Code     8  u8x8_8x8.o(i.u8x8_utf8_init)
    udelay                                   0x08005871   Thumb Code    52  driver_timer.o(i.udelay)
    uxListRemove                             0x080058a9   Thumb Code    38  list.o(i.uxListRemove)
    vApplicationGetIdleTaskMemory            0x080058d1   Thumb Code    16  cmsis_os2.o(i.vApplicationGetIdleTaskMemory)
    vApplicationGetTimerTaskMemory           0x080058e5   Thumb Code    18  cmsis_os2.o(i.vApplicationGetTimerTaskMemory)
    vListInitialise                          0x080058fd   Thumb Code    22  list.o(i.vListInitialise)
    vListInitialiseItem                      0x08005913   Thumb Code     6  list.o(i.vListInitialiseItem)
    vListInsert                              0x08005919   Thumb Code    48  list.o(i.vListInsert)
    vListInsertEnd                           0x08005949   Thumb Code    24  list.o(i.vListInsertEnd)
    vPortEnterCritical                       0x08005961   Thumb Code    54  port.o(i.vPortEnterCritical)
    vPortExitCritical                        0x080059a1   Thumb Code    34  port.o(i.vPortExitCritical)
    vPortFree                                0x080059c9   Thumb Code    88  heap_4.o(i.vPortFree)
    vPortSetupTimerInterrupt                 0x08005a25   Thumb Code    32  port.o(i.vPortSetupTimerInterrupt)
    vPortValidateInterruptPriority           0x08005a49   Thumb Code    74  port.o(i.vPortValidateInterruptPriority)
    vQueueAddToRegistry                      0x08005a9d   Thumb Code    34  queue.o(i.vQueueAddToRegistry)
    vQueueWaitForMessageRestricted           0x08005ac5   Thumb Code    68  queue.o(i.vQueueWaitForMessageRestricted)
    vTaskDelay                               0x08005b09   Thumb Code    66  tasks.o(i.vTaskDelay)
    vTaskInternalSetTimeOutState             0x08005b55   Thumb Code    12  tasks.o(i.vTaskInternalSetTimeOutState)
    vTaskMissedYield                         0x08005b65   Thumb Code     8  tasks.o(i.vTaskMissedYield)
    vTaskPlaceOnEventList                    0x08005b71   Thumb Code    44  tasks.o(i.vTaskPlaceOnEventList)
    vTaskPlaceOnEventListRestricted          0x08005ba1   Thumb Code    52  tasks.o(i.vTaskPlaceOnEventListRestricted)
    vTaskResume                              0x08005bd9   Thumb Code   110  tasks.o(i.vTaskResume)
    vTaskStartScheduler                      0x08005c55   Thumb Code   118  tasks.o(i.vTaskStartScheduler)
    vTaskSuspend                             0x08005cdd   Thumb Code   144  tasks.o(i.vTaskSuspend)
    vTaskSuspendAll                          0x08005d79   Thumb Code    10  tasks.o(i.vTaskSuspendAll)
    vTaskSwitchContext                       0x08005d89   Thumb Code    90  tasks.o(i.vTaskSwitchContext)
    xPortStartScheduler                      0x08005ded   Thumb Code   154  port.o(i.xPortStartScheduler)
    xQueueCreateMutex                        0x08005e95   Thumb Code    22  queue.o(i.xQueueCreateMutex)
    xQueueGenericCreate                      0x08005eab   Thumb Code    72  queue.o(i.xQueueGenericCreate)
    xQueueGenericCreateStatic                0x08005ef3   Thumb Code   102  queue.o(i.xQueueGenericCreateStatic)
    xQueueGenericReset                       0x08005f59   Thumb Code   132  queue.o(i.xQueueGenericReset)
    xQueueGenericSend                        0x08005fe1   Thumb Code   360  queue.o(i.xQueueGenericSend)
    xQueueGenericSendFromISR                 0x0800614d   Thumb Code   202  queue.o(i.xQueueGenericSendFromISR)
    xQueueReceive                            0x08006219   Thumb Code   308  queue.o(i.xQueueReceive)
    xTaskCheckForTimeOut                     0x08006351   Thumb Code   112  tasks.o(i.xTaskCheckForTimeOut)
    xTaskCreate                              0x080063c5   Thumb Code    90  tasks.o(i.xTaskCreate)
    xTaskCreateStatic                        0x0800641f   Thumb Code    86  tasks.o(i.xTaskCreateStatic)
    xTaskGetSchedulerState                   0x08006475   Thumb Code    22  tasks.o(i.xTaskGetSchedulerState)
    xTaskGetTickCount                        0x08006491   Thumb Code     6  tasks.o(i.xTaskGetTickCount)
    xTaskIncrementTick                       0x0800649d   Thumb Code   190  tasks.o(i.xTaskIncrementTick)
    xTaskPriorityDisinherit                  0x08006565   Thumb Code   118  tasks.o(i.xTaskPriorityDisinherit)
    xTaskRemoveFromEventList                 0x080065e5   Thumb Code    98  tasks.o(i.xTaskRemoveFromEventList)
    xTaskResumeAll                           0x08006655   Thumb Code   182  tasks.o(i.xTaskResumeAll)
    xTimerCreateTimerTask                    0x08006719   Thumb Code    78  timers.o(i.xTimerCreateTimerTask)
    xTimerGenericCommand                     0x08006779   Thumb Code    98  timers.o(i.xTimerGenericCommand)
    AHBPrescTable                            0x080067f2   Data          16  system_stm32f1xx.o(.constdata)
    APBPrescTable                            0x08006802   Data           8  system_stm32f1xx.o(.constdata)
    Mini_Timer                               0x0800680a   Data          28  image.o(.constdata)
    Mini_Set                                 0x08006826   Data          28  image.o(.constdata)
    Mini_Exit                                0x08006842   Data          28  image.o(.constdata)
    Mini_Music                               0x0800685e   Data          28  image.o(.constdata)
    Mini_Game                                0x0800687a   Data          28  image.o(.constdata)
    Mini_Watch                               0x08006896   Data          28  image.o(.constdata)
    Set                                      0x080068b2   Data         120  image.o(.constdata)
    Light                                    0x0800692a   Data         120  image.o(.constdata)
    Exit                                     0x080069a2   Data         120  image.o(.constdata)
    Left_Arrow                               0x08006a1a   Data          18  image.o(.constdata)
    Right_Arrow                              0x08006a2c   Data          18  image.o(.constdata)
    Clear_Arrow                              0x08006a3e   Data          18  image.o(.constdata)
    Music                                    0x08006a50   Data         120  image.o(.constdata)
    Game                                     0x08006ac8   Data         120  image.o(.constdata)
    Clear_Big                                0x08006b40   Data         512  image.o(.constdata)
    Clear_Word                               0x08006d40   Data         160  image.o(.constdata)
    Select_Right                             0x08006de0   Data          16  image.o(.constdata)
    Select_Left                              0x08006df0   Data          16  image.o(.constdata)
    u8g2_font_mystery_quest_24_tf            0x08006e00   Data        5973  u8g2_fonts.o(.constdata)
    u8g2_font_tenthinguys_t_all              0x08008555   Data        2587  u8g2_fonts.o(.constdata)
    u8g2_font_ncenB08_tf                     0x08008f70   Data        2465  u8g2_fonts.o(.constdata)
    u8g2_font_ncenB12_tf                     0x08009911   Data        3863  u8g2_fonts.o(.constdata)
    u8g2_cb_r0                               0x0800a828   Data          12  u8g2_setup.o(.constdata)
    Region$$Table$$Base                      0x0800a9d0   Number         0  anon$$obj.o(Region$$Table)
    Region$$Table$$Limit                     0x0800a9f0   Number         0  anon$$obj.o(Region$$Table)
    g_xQueuePlayMusic                        0x20000008   Data           4  freertos.o(.data)
    uwTickFreq                               0x20000010   Data           1  stm32f1xx_hal.o(.data)
    uwTickPrio                               0x20000014   Data           4  stm32f1xx_hal.o(.data)
    uwTick                                   0x20000018   Data           4  stm32f1xx_hal.o(.data)
    SystemCoreClock                          0x2000001c   Data           4  system_stm32f1xx.o(.data)
    pxCurrentTCB                             0x20000020   Data           4  tasks.o(.data)
    QueueMpu6Data                            0x200000a4   Data           4  driver_mpu6050.o(.data)
    Ment                                     0x200000f0   Data           1  menuall.o(.data)
    i_pageAll                                0x200000f1   Data           1  menuall.o(.data)
    TimeClock                                0x200000f4   Data           3  menuall.o(.data)
    AllImage_Data                            0x20000134   Data          56  menuall.o(.data)
    g_xIRBinary                              0x2000017c   Data           4  taskfun.o(.data)
    Task_AllData                             0x20000180   Data          24  taskfun.o(.data)
    hadc1                                    0x200001a0   Data          48  adc.o(.bss)
    hi2c1                                    0x200001d0   Data          84  i2c.o(.bss)
    hspi1                                    0x20000224   Data          88  spi.o(.bss)
    htim1                                    0x2000027c   Data          72  tim.o(.bss)
    htim2                                    0x200002c4   Data          72  tim.o(.bss)
    htim3                                    0x2000030c   Data          72  tim.o(.bss)
    huart1                                   0x20000354   Data          72  usart.o(.bss)
    hpcd_USB_FS                              0x2000039c   Data         752  usb.o(.bss)
    htim4                                    0x2000068c   Data          72  stm32f1xx_hal_timebase_tim.o(.bss)
    xQueueRegistry                           0x200006d4   Data          64  queue.o(.bss)
    u8g2                                     0x200035b8   Data         148  menuall.o(.bss)
    __initial_sp                             0x20003ed0   Data           0  startup_stm32f103xb.o(STACK)



==============================================================================

Memory Map of the image

  Image Entry point : 0x080000ed

  Load Region LR_IROM1 (Base: 0x08000000, Size: 0x0000ab90, Max: 0x00010000, ABSOLUTE, COMPRESSED[0x0000aa60])

    Execution Region ER_IROM1 (Exec base: 0x08000000, Load base: 0x08000000, Size: 0x0000a9f0, Max: 0x00010000, ABSOLUTE)

    Exec Addr    Load Addr    Size         Type   Attr      Idx    E Section Name        Object

    0x08000000   0x08000000   0x000000ec   Data   RO            3    RESET               startup_stm32f103xb.o
    0x080000ec   0x080000ec   0x00000000   Code   RO        12610  * .ARM.Collect$$$$00000000  mc_w.l(entry.o)
    0x080000ec   0x080000ec   0x00000004   Code   RO        12971    .ARM.Collect$$$$00000001  mc_w.l(entry2.o)
    0x080000f0   0x080000f0   0x00000004   Code   RO        12974    .ARM.Collect$$$$00000004  mc_w.l(entry5.o)
    0x080000f4   0x080000f4   0x00000000   Code   RO        12976    .ARM.Collect$$$$00000008  mc_w.l(entry7b.o)
    0x080000f4   0x080000f4   0x00000000   Code   RO        12978    .ARM.Collect$$$$0000000A  mc_w.l(entry8b.o)
    0x080000f4   0x080000f4   0x00000008   Code   RO        12979    .ARM.Collect$$$$0000000B  mc_w.l(entry9a.o)
    0x080000fc   0x080000fc   0x00000004   Code   RO        12986    .ARM.Collect$$$$0000000E  mc_w.l(entry12b.o)
    0x08000100   0x08000100   0x00000000   Code   RO        12981    .ARM.Collect$$$$0000000F  mc_w.l(entry10a.o)
    0x08000100   0x08000100   0x00000000   Code   RO        12983    .ARM.Collect$$$$00000011  mc_w.l(entry11a.o)
    0x08000100   0x08000100   0x00000004   Code   RO        12972    .ARM.Collect$$$$00002712  mc_w.l(entry2.o)
    0x08000104   0x08000104   0x00000096   Code   RO         6284    .emb_text           port.o
    0x0800019a   0x0800019a   0x00000002   PAD
    0x0800019c   0x0800019c   0x00000024   Code   RO            4    .text               startup_stm32f103xb.o
    0x080001c0   0x080001c0   0x00000062   Code   RO        12613    .text               mc_w.l(uldiv.o)
    0x08000222   0x08000222   0x00000020   Code   RO        12615    .text               mc_w.l(llushr.o)
    0x08000242   0x08000242   0x00000024   Code   RO        12620    .text               mc_w.l(memcpya.o)
    0x08000266   0x08000266   0x00000024   Code   RO        12624    .text               mc_w.l(memseta.o)
    0x0800028a   0x0800028a   0x000000e4   Code   RO        12927    .text               mf_w.l(dmul.o)
    0x0800036e   0x0800036e   0x000000de   Code   RO        12929    .text               mf_w.l(ddiv.o)
    0x0800044c   0x0800044c   0x00000022   Code   RO        12937    .text               mf_w.l(dflti.o)
    0x0800046e   0x0800046e   0x0000003e   Code   RO        12941    .text               mf_w.l(dfixi.o)
    0x080004ac   0x080004ac   0x0000002c   Code   RO        12988    .text               mc_w.l(uidiv.o)
    0x080004d8   0x080004d8   0x0000001e   Code   RO        12990    .text               mc_w.l(llshl.o)
    0x080004f6   0x080004f6   0x00000000   Code   RO        13003    .text               mc_w.l(iusefp.o)
    0x080004f6   0x080004f6   0x000000ba   Code   RO        13006    .text               mf_w.l(depilogue.o)
    0x080005b0   0x080005b0   0x00000024   Code   RO        13012    .text               mc_w.l(init.o)
    0x080005d4   0x080005d4   0x00000056   Code   RO        13026    .text               mc_w.l(__dczerorl2.o)
    0x0800062a   0x0800062a   0x00000002   PAD
    0x0800062c   0x0800062c   0x00000056   Code   RO          865    i.ADC_ConversionStop_Disable  stm32f1xx_hal_adc.o
    0x08000682   0x08000682   0x00000002   PAD
    0x08000684   0x08000684   0x0000002c   Code   RO         7864    i.Anal_IRData       taskfun.o
    0x080006b0   0x080006b0   0x00000002   Code   RO          675    i.BusFault_Handler  stm32f1xx_it.o
    0x080006b2   0x080006b2   0x00000018   Code   RO         7865    i.CreateTask        taskfun.o
    0x080006ca   0x080006ca   0x00000002   Code   RO          676    i.DebugMon_Handler  stm32f1xx_it.o
    0x080006cc   0x080006cc   0x00000034   Code   RO         6992    i.DispatchKey       driver_ir_receiver.o
    0x08000700   0x08000700   0x0000001e   Code   RO          677    i.EXTI15_10_IRQHandler  stm32f1xx_it.o
    0x0800071e   0x0800071e   0x00000004   Code   RO           13    i.Error_Handler     main.o
    0x08000722   0x08000722   0x00000002   PAD
    0x08000724   0x08000724   0x000000fc   Code   RO          871    i.HAL_ADC_ConfigChannel  stm32f1xx_hal_adc.o
    0x08000820   0x08000820   0x0000011c   Code   RO          880    i.HAL_ADC_Init      stm32f1xx_hal_adc.o
    0x0800093c   0x0800093c   0x00000058   Code   RO          394    i.HAL_ADC_MspInit   adc.o
    0x08000994   0x08000994   0x00000024   Code   RO         1148    i.HAL_Delay         stm32f1xx_hal.o
    0x080009b8   0x080009b8   0x00000016   Code   RO         7363    i.HAL_GPIO_EXTI_Callback  driver_irq.o
    0x080009ce   0x080009ce   0x00000002   PAD
    0x080009d0   0x080009d0   0x00000018   Code   RO         1457    i.HAL_GPIO_EXTI_IRQHandler  stm32f1xx_hal_gpio.o
    0x080009e8   0x080009e8   0x000001e0   Code   RO         1458    i.HAL_GPIO_Init     stm32f1xx_hal_gpio.o
    0x08000bc8   0x08000bc8   0x0000000a   Code   RO         1460    i.HAL_GPIO_ReadPin  stm32f1xx_hal_gpio.o
    0x08000bd2   0x08000bd2   0x0000000a   Code   RO         1462    i.HAL_GPIO_WritePin  stm32f1xx_hal_gpio.o
    0x08000bdc   0x08000bdc   0x0000000c   Code   RO         1152    i.HAL_GetTick       stm32f1xx_hal.o
    0x08000be8   0x08000be8   0x00000188   Code   RO         2129    i.HAL_I2C_Init      stm32f1xx_hal_i2c.o
    0x08000d70   0x08000d70   0x0000012c   Code   RO         2142    i.HAL_I2C_Master_Transmit  stm32f1xx_hal_i2c.o
    0x08000e9c   0x08000e9c   0x0000005c   Code   RO          436    i.HAL_I2C_MspInit   i2c.o
    0x08000ef8   0x08000ef8   0x00000010   Code   RO         1158    i.HAL_IncTick       stm32f1xx_hal.o
    0x08000f08   0x08000f08   0x00000024   Code   RO         1159    i.HAL_Init          stm32f1xx_hal.o
    0x08000f2c   0x08000f2c   0x00000098   Code   RO          769    i.HAL_InitTick      stm32f1xx_hal_timebase_tim.o
    0x08000fc4   0x08000fc4   0x00000048   Code   RO          745    i.HAL_MspInit       stm32f1xx_hal_msp.o
    0x0800100c   0x0800100c   0x0000001a   Code   RO         1618    i.HAL_NVIC_EnableIRQ  stm32f1xx_hal_cortex.o
    0x08001026   0x08001026   0x00000002   PAD
    0x08001028   0x08001028   0x00000040   Code   RO         1624    i.HAL_NVIC_SetPriority  stm32f1xx_hal_cortex.o
    0x08001068   0x08001068   0x00000024   Code   RO         1625    i.HAL_NVIC_SetPriorityGrouping  stm32f1xx_hal_cortex.o
    0x0800108c   0x0800108c   0x000000da   Code   RO         4237    i.HAL_PCD_Init      stm32f1xx_hal_pcd.o
    0x08001166   0x08001166   0x00000002   PAD
    0x08001168   0x08001168   0x00000028   Code   RO          634    i.HAL_PCD_MspInit   usb.o
    0x08001190   0x08001190   0x000000ec   Code   RO         1420    i.HAL_RCCEx_PeriphCLKConfig  stm32f1xx_hal_rcc_ex.o
    0x0800127c   0x0800127c   0x0000012c   Code   RO         1316    i.HAL_RCC_ClockConfig  stm32f1xx_hal_rcc.o
    0x080013a8   0x080013a8   0x00000040   Code   RO         1320    i.HAL_RCC_GetClockConfig  stm32f1xx_hal_rcc.o
    0x080013e8   0x080013e8   0x00000020   Code   RO         1323    i.HAL_RCC_GetPCLK1Freq  stm32f1xx_hal_rcc.o
    0x08001408   0x08001408   0x00000020   Code   RO         1324    i.HAL_RCC_GetPCLK2Freq  stm32f1xx_hal_rcc.o
    0x08001428   0x08001428   0x0000004c   Code   RO         1325    i.HAL_RCC_GetSysClockFreq  stm32f1xx_hal_rcc.o
    0x08001474   0x08001474   0x00000320   Code   RO         1328    i.HAL_RCC_OscConfig  stm32f1xx_hal_rcc.o
    0x08001794   0x08001794   0x000000b2   Code   RO         2566    i.HAL_SPI_Init      stm32f1xx_hal_spi.o
    0x08001846   0x08001846   0x00000002   PAD
    0x08001848   0x08001848   0x00000070   Code   RO          478    i.HAL_SPI_MspInit   spi.o
    0x080018b8   0x080018b8   0x00000002   Code   RO         3583    i.HAL_TIMEx_BreakCallback  stm32f1xx_hal_tim_ex.o
    0x080018ba   0x080018ba   0x00000002   Code   RO         3584    i.HAL_TIMEx_CommutCallback  stm32f1xx_hal_tim_ex.o
    0x080018bc   0x080018bc   0x00000054   Code   RO         3586    i.HAL_TIMEx_ConfigBreakDeadTime  stm32f1xx_hal_tim_ex.o
    0x08001910   0x08001910   0x00000068   Code   RO         3602    i.HAL_TIMEx_MasterConfigSynchronization  stm32f1xx_hal_tim_ex.o
    0x08001978   0x08001978   0x0000005a   Code   RO         2879    i.HAL_TIM_Base_Init  stm32f1xx_hal_tim.o
    0x080019d2   0x080019d2   0x00000002   PAD
    0x080019d4   0x080019d4   0x0000003c   Code   RO          520    i.HAL_TIM_Base_MspInit  tim.o
    0x08001a10   0x08001a10   0x00000058   Code   RO         2884    i.HAL_TIM_Base_Start_IT  stm32f1xx_hal_tim.o
    0x08001a68   0x08001a68   0x000000dc   Code   RO         2888    i.HAL_TIM_ConfigClockSource  stm32f1xx_hal_tim.o
    0x08001b44   0x08001b44   0x00000002   Code   RO         2913    i.HAL_TIM_IC_CaptureCallback  stm32f1xx_hal_tim.o
    0x08001b46   0x08001b46   0x00000166   Code   RO         2927    i.HAL_TIM_IRQHandler  stm32f1xx_hal_tim.o
    0x08001cac   0x08001cac   0x000000ec   Code   RO          521    i.HAL_TIM_MspPostInit  tim.o
    0x08001d98   0x08001d98   0x00000002   Code   RO         2930    i.HAL_TIM_OC_DelayElapsedCallback  stm32f1xx_hal_tim.o
    0x08001d9a   0x08001d9a   0x000000cc   Code   RO         2951    i.HAL_TIM_PWM_ConfigChannel  stm32f1xx_hal_tim.o
    0x08001e66   0x08001e66   0x0000005a   Code   RO         2954    i.HAL_TIM_PWM_Init  stm32f1xx_hal_tim.o
    0x08001ec0   0x08001ec0   0x00000028   Code   RO          523    i.HAL_TIM_PWM_MspInit  tim.o
    0x08001ee8   0x08001ee8   0x00000002   Code   RO         2957    i.HAL_TIM_PWM_PulseFinishedCallback  stm32f1xx_hal_tim.o
    0x08001eea   0x08001eea   0x00000002   PAD
    0x08001eec   0x08001eec   0x00000014   Code   RO           14    i.HAL_TIM_PeriodElapsedCallback  main.o
    0x08001f00   0x08001f00   0x00000002   Code   RO         2970    i.HAL_TIM_TriggerCallback  stm32f1xx_hal_tim.o
    0x08001f02   0x08001f02   0x00000064   Code   RO         3880    i.HAL_UART_Init     stm32f1xx_hal_uart.o
    0x08001f66   0x08001f66   0x00000002   PAD
    0x08001f68   0x08001f68   0x00000070   Code   RO          592    i.HAL_UART_MspInit  usart.o
    0x08001fd8   0x08001fd8   0x00000002   Code   RO          678    i.HardFault_Handler  stm32f1xx_it.o
    0x08001fda   0x08001fda   0x0000002e   Code   RO         2172    i.I2C_IsAcknowledgeFailed  stm32f1xx_hal_i2c.o
    0x08002008   0x08002008   0x0000009c   Code   RO         2176    i.I2C_MasterRequestWrite  stm32f1xx_hal_i2c.o
    0x080020a4   0x080020a4   0x00000056   Code   RO         2187    i.I2C_WaitOnBTFFlagUntilTimeout  stm32f1xx_hal_i2c.o
    0x080020fa   0x080020fa   0x00000002   PAD
    0x080020fc   0x080020fc   0x00000090   Code   RO         2188    i.I2C_WaitOnFlagUntilTimeout  stm32f1xx_hal_i2c.o
    0x0800218c   0x0800218c   0x000000bc   Code   RO         2189    i.I2C_WaitOnMasterAddressFlagUntilTimeout  stm32f1xx_hal_i2c.o
    0x08002248   0x08002248   0x00000056   Code   RO         2191    i.I2C_WaitOnTXEFlagUntilTimeout  stm32f1xx_hal_i2c.o
    0x0800229e   0x0800229e   0x00000002   PAD
    0x080022a0   0x080022a0   0x0000011c   Code   RO         6995    i.IRReceiver_IRQTimes_Parse  driver_ir_receiver.o
    0x080023bc   0x080023bc   0x000000b4   Code   RO         6996    i.IRReceiver_IRQ_Callback  driver_ir_receiver.o
    0x08002470   0x08002470   0x00000002   Code   RO         6997    i.IRReceiver_Init   driver_ir_receiver.o
    0x08002472   0x08002472   0x00000004   Code   RO         6732    i.LCD_Init          driver_lcd.o
    0x08002476   0x08002476   0x00000002   PAD
    0x08002478   0x08002478   0x00000048   Code   RO         6531    i.MPU6050_Init      driver_mpu6050.o
    0x080024c0   0x080024c0   0x00000024   Code   RO         6536    i.MPU6050_WriteRegister  driver_mpu6050.o
    0x080024e4   0x080024e4   0x00000050   Code   RO          395    i.MX_ADC1_Init      adc.o
    0x08002534   0x08002534   0x0000004c   Code   RO          263    i.MX_FREERTOS_Init  freertos.o
    0x08002580   0x08002580   0x00000150   Code   RO          238    i.MX_GPIO_Init      gpio.o
    0x080026d0   0x080026d0   0x00000040   Code   RO          437    i.MX_I2C1_Init      i2c.o
    0x08002710   0x08002710   0x00000048   Code   RO          479    i.MX_SPI1_Init      spi.o
    0x08002758   0x08002758   0x000000d0   Code   RO          524    i.MX_TIM1_Init      tim.o
    0x08002828   0x08002828   0x000000bc   Code   RO          525    i.MX_TIM2_Init      tim.o
    0x080028e4   0x080028e4   0x00000078   Code   RO          526    i.MX_TIM3_Init      tim.o
    0x0800295c   0x0800295c   0x00000038   Code   RO          593    i.MX_USART1_UART_Init  usart.o
    0x08002994   0x08002994   0x00000034   Code   RO          635    i.MX_USB_PCD_Init   usb.o
    0x080029c8   0x080029c8   0x00000002   Code   RO          679    i.MemManage_Handler  stm32f1xx_it.o
    0x080029ca   0x080029ca   0x00000002   Code   RO          680    i.NMI_Handler       stm32f1xx_it.o
    0x080029cc   0x080029cc   0x00000094   Code   RO         6412    i.OLED_Init         driver_oled.o
    0x08002a60   0x08002a60   0x0000002c   Code   RO         6417    i.OLED_SetComConfig  driver_oled.o
    0x08002a8c   0x08002a8c   0x00000028   Code   RO         6420    i.OLED_WriteCmd     driver_oled.o
    0x08002ab4   0x08002ab4   0x0000001c   Code   RO         7000    i.RegisterQueueHandle  driver_ir_receiver.o
    0x08002ad0   0x08002ad0   0x00000008   Code   RO         7867    i.ResumeTask        taskfun.o
    0x08002ad8   0x08002ad8   0x0000009c   Code   RO         7308    i.RotaryEncoder_IRQ_Callback  driver_rotary_encoder.o
    0x08002b74   0x08002b74   0x00000018   Code   RO         7309    i.RotaryEncoder_Init  driver_rotary_encoder.o
    0x08002b8c   0x08002b8c   0x000002f0   Code   RO         7780    i.Second_Menu       menuall.o
    0x08002e7c   0x08002e7c   0x00000170   Code   RO         7781    i.Start_Menu        menuall.o
    0x08002fec   0x08002fec   0x00000008   Code   RO         7868    i.SuspendTask       taskfun.o
    0x08002ff4   0x08002ff4   0x0000002c   Code   RO         6285    i.SysTick_Handler   port.o
    0x08003020   0x08003020   0x0000007c   Code   RO           15    i.SystemClock_Config  main.o
    0x0800309c   0x0800309c   0x00000002   Code   RO         4679    i.SystemInit        system_stm32f1xx.o
    0x0800309e   0x0800309e   0x00000002   PAD
    0x080030a0   0x080030a0   0x0000000c   Code   RO          681    i.TIM4_IRQHandler   stm32f1xx_it.o
    0x080030ac   0x080030ac   0x0000006c   Code   RO         2972    i.TIM_Base_SetConfig  stm32f1xx_hal_tim.o
    0x08003118   0x08003118   0x00000014   Code   RO         2983    i.TIM_ETR_SetConfig  stm32f1xx_hal_tim.o
    0x0800312c   0x0800312c   0x00000010   Code   RO         2984    i.TIM_ITRx_SetConfig  stm32f1xx_hal_tim.o
    0x0800313c   0x0800313c   0x00000050   Code   RO         2985    i.TIM_OC1_SetConfig  stm32f1xx_hal_tim.o
    0x0800318c   0x0800318c   0x00000058   Code   RO         2986    i.TIM_OC2_SetConfig  stm32f1xx_hal_tim.o
    0x080031e4   0x080031e4   0x00000058   Code   RO         2987    i.TIM_OC3_SetConfig  stm32f1xx_hal_tim.o
    0x0800323c   0x0800323c   0x00000044   Code   RO         2988    i.TIM_OC4_SetConfig  stm32f1xx_hal_tim.o
    0x08003280   0x08003280   0x00000022   Code   RO         2990    i.TIM_TI1_ConfigInputStage  stm32f1xx_hal_tim.o
    0x080032a2   0x080032a2   0x00000024   Code   RO         2992    i.TIM_TI2_ConfigInputStage  stm32f1xx_hal_tim.o
    0x080032c6   0x080032c6   0x00000002   PAD
    0x080032c8   0x080032c8   0x000000e4   Code   RO         7869    i.Task_Control      taskfun.o
    0x080033ac   0x080033ac   0x000000b8   Code   RO         3906    i.UART_SetConfig    stm32f1xx_hal_uart.o
    0x08003464   0x08003464   0x000000cc   Code   RO         7783    i.UI_Arrow          menuall.o
    0x08003530   0x08003530   0x00000004   Code   RO         4495    i.USB_CoreInit      stm32f1xx_ll_usb.o
    0x08003534   0x08003534   0x00000004   Code   RO         4499    i.USB_DevDisconnect  stm32f1xx_ll_usb.o
    0x08003538   0x08003538   0x00000012   Code   RO         4500    i.USB_DevInit       stm32f1xx_ll_usb.o
    0x0800354a   0x0800354a   0x0000000e   Code   RO         4501    i.USB_DisableGlobalInt  stm32f1xx_ll_usb.o
    0x08003558   0x08003558   0x00000004   Code   RO         4516    i.USB_SetCurrentMode  stm32f1xx_ll_usb.o
    0x0800355c   0x0800355c   0x00000002   Code   RO          682    i.UsageFault_Handler  stm32f1xx_it.o
    0x0800355e   0x0800355e   0x00000002   PAD
    0x08003560   0x08003560   0x00000028   Code   RO        12789    i.__0sprintf$6      mc_w.l(printf6.o)
    0x08003588   0x08003588   0x00000020   Code   RO         1631    i.__NVIC_SetPriority  stm32f1xx_hal_cortex.o
    0x080035a8   0x080035a8   0x0000000e   Code   RO        13020    i.__scatterload_copy  mc_w.l(handlers.o)
    0x080035b6   0x080035b6   0x00000002   Code   RO        13021    i.__scatterload_null  mc_w.l(handlers.o)
    0x080035b8   0x080035b8   0x0000000e   Code   RO        13022    i.__scatterload_zeroinit  mc_w.l(handlers.o)
    0x080035c6   0x080035c6   0x00000002   PAD
    0x080035c8   0x080035c8   0x000002f0   Code   RO        12794    i._printf_core      mc_w.l(printf6.o)
    0x080038b8   0x080038b8   0x00000024   Code   RO        12795    i._printf_post_padding  mc_w.l(printf6.o)
    0x080038dc   0x080038dc   0x0000002e   Code   RO        12796    i._printf_pre_padding  mc_w.l(printf6.o)
    0x0800390a   0x0800390a   0x0000000a   Code   RO        12798    i._sputc            mc_w.l(printf6.o)
    0x08003914   0x08003914   0x0000003a   Code   RO           16    i.main              main.o
    0x0800394e   0x0800394e   0x00000002   PAD
    0x08003950   0x08003950   0x00000038   Code   RO         5831    i.osKernelInitialize  cmsis_os2.o
    0x08003988   0x08003988   0x00000040   Code   RO         5834    i.osKernelStart     cmsis_os2.o
    0x080039c8   0x080039c8   0x0000005c   Code   RO         5313    i.prvAddCurrentTaskToDelayedList  tasks.o
    0x08003a24   0x08003a24   0x000000d0   Code   RO         5314    i.prvAddNewTaskToReadyList  tasks.o
    0x08003af4   0x08003af4   0x00000058   Code   RO         5663    i.prvCheckForValidListAndQueue  timers.o
    0x08003b4c   0x08003b4c   0x00000026   Code   RO         4884    i.prvCopyDataFromQueue  queue.o
    0x08003b72   0x08003b72   0x0000006c   Code   RO         4885    i.prvCopyDataToQueue  queue.o
    0x08003bde   0x08003bde   0x00000034   Code   RO         5315    i.prvDeleteTCB      tasks.o
    0x08003c12   0x08003c12   0x00000002   PAD
    0x08003c14   0x08003c14   0x0000004c   Code   RO         6235    i.prvHeapInit       heap_4.o
    0x08003c60   0x08003c60   0x00000060   Code   RO         5316    i.prvIdleTask       tasks.o
    0x08003cc0   0x08003cc0   0x00000016   Code   RO         4886    i.prvInitialiseMutex  queue.o
    0x08003cd6   0x08003cd6   0x00000002   PAD
    0x08003cd8   0x08003cd8   0x00000026   Code   RO         4887    i.prvInitialiseNewQueue  queue.o
    0x08003cfe   0x08003cfe   0x0000009c   Code   RO         5317    i.prvInitialiseNewTask  tasks.o
    0x08003d9a   0x08003d9a   0x00000002   PAD
    0x08003d9c   0x08003d9c   0x0000004c   Code   RO         6236    i.prvInsertBlockIntoFreeList  heap_4.o
    0x08003de8   0x08003de8   0x00000038   Code   RO         5665    i.prvInsertTimerInActiveList  timers.o
    0x08003e20   0x08003e20   0x0000001c   Code   RO         4888    i.prvIsQueueEmpty   queue.o
    0x08003e3c   0x08003e3c   0x0000006c   Code   RO         4889    i.prvNotifyQueueSetContainer  queue.o
    0x08003ea8   0x08003ea8   0x000000cc   Code   RO         5666    i.prvProcessReceivedCommands  timers.o
    0x08003f74   0x08003f74   0x000000b4   Code   RO         5667    i.prvProcessTimerOrBlockTask  timers.o
    0x08004028   0x08004028   0x00000020   Code   RO         5319    i.prvResetNextTaskUnblockTime  tasks.o
    0x08004048   0x08004048   0x00000028   Code   RO         5668    i.prvSampleTimeNow  timers.o
    0x08004070   0x08004070   0x0000006c   Code   RO         5669    i.prvSwitchTimerLists  timers.o
    0x080040dc   0x080040dc   0x00000028   Code   RO         6286    i.prvTaskExitError  port.o
    0x08004104   0x08004104   0x00000034   Code   RO         5321    i.prvTaskIsTaskSuspended  tasks.o
    0x08004138   0x08004138   0x00000024   Code   RO         5670    i.prvTimerTask      timers.o
    0x0800415c   0x0800415c   0x00000078   Code   RO         4890    i.prvUnlockQueue    queue.o
    0x080041d4   0x080041d4   0x000000d8   Code   RO         6237    i.pvPortMalloc      heap_4.o
    0x080042ac   0x080042ac   0x00000024   Code   RO         6287    i.pxPortInitialiseStack  port.o
    0x080042d0   0x080042d0   0x00000044   Code   RO         6613    i.system_get_ns     driver_timer.o
    0x08004314   0x08004314   0x000000c0   Code   RO         7925    i.testDrawProcess   fun_u8g2.o
    0x080043d4   0x080043d4   0x00000034   Code   RO         8551    i.u8g2Init          stm32_u8g2.o
    0x08004408   0x08004408   0x00000012   Code   RO         8691    i.u8g2_ClearBuffer  u8g2_buffer.o
    0x0800441a   0x0800441a   0x00000044   Code   RO         8661    i.u8g2_DrawBox      u8g2_box.o
    0x0800445e   0x0800445e   0x00000040   Code   RO         8785    i.u8g2_DrawCircle   u8g2_circle.o
    0x0800449e   0x0800449e   0x00000040   Code   RO         8786    i.u8g2_DrawDisc     u8g2_circle.o
    0x080044de   0x080044de   0x00000070   Code   RO         8894    i.u8g2_DrawGlyph    u8g2_font.o
    0x0800454e   0x0800454e   0x0000000c   Code   RO        11148    i.u8g2_DrawHLine    u8g2_hvline.o
    0x0800455a   0x0800455a   0x00000002   PAD
    0x0800455c   0x0800455c   0x000000ac   Code   RO        11149    i.u8g2_DrawHVLine   u8g2_hvline.o
    0x08004608   0x08004608   0x00000094   Code   RO         8615    i.u8g2_DrawHXBMP    u8g2_bitmap.o
    0x0800469c   0x0800469c   0x0000002e   Code   RO        11150    i.u8g2_DrawPixel    u8g2_hvline.o
    0x080046ca   0x080046ca   0x000000e6   Code   RO         8663    i.u8g2_DrawRBox     u8g2_box.o
    0x080047b0   0x080047b0   0x00000102   Code   RO         8664    i.u8g2_DrawRFrame   u8g2_box.o
    0x080048b2   0x080048b2   0x00000002   PAD
    0x080048b4   0x080048b4   0x00000010   Code   RO         8896    i.u8g2_DrawStr      u8g2_font.o
    0x080048c4   0x080048c4   0x0000000c   Code   RO        11151    i.u8g2_DrawVLine    u8g2_hvline.o
    0x080048d0   0x080048d0   0x0000004c   Code   RO         8618    i.u8g2_DrawXBMP     u8g2_bitmap.o
    0x0800491c   0x0800491c   0x0000003e   Code   RO         8906    i.u8g2_GetGlyphWidth  u8g2_font.o
    0x0800495a   0x0800495a   0x00000002   PAD
    0x0800495c   0x0800495c   0x0000000c   Code   RO         8907    i.u8g2_GetStrWidth  u8g2_font.o
    0x08004968   0x08004968   0x00000030   Code   RO        11210    i.u8g2_IsIntersection  u8g2_intersection.o
    0x08004998   0x08004998   0x00000012   Code   RO         8694    i.u8g2_SendBuffer   u8g2_buffer.o
    0x080049aa   0x080049aa   0x00000020   Code   RO         8912    i.u8g2_SetFont      u8g2_font.o
    0x080049ca   0x080049ca   0x00000002   PAD
    0x080049cc   0x080049cc   0x0000000c   Code   RO         8915    i.u8g2_SetFontPosBaseline  u8g2_font.o
    0x080049d8   0x080049d8   0x0000001c   Code   RO        11398    i.u8g2_SetMaxClipWindow  u8g2_setup.o
    0x080049f4   0x080049f4   0x00000046   Code   RO        11399    i.u8g2_SetupBuffer  u8g2_setup.o
    0x08004a3a   0x08004a3a   0x00000002   PAD
    0x08004a3c   0x08004a3c   0x00000038   Code   RO         8880    i.u8g2_Setup_ssd1306_i2c_128x64_noname_f  u8g2_d_setup.o
    0x08004a74   0x08004a74   0x00000052   Code   RO         8922    i.u8g2_UpdateRefHeight  u8g2_font.o
    0x08004ac6   0x08004ac6   0x0000001c   Code   RO         8923    i.u8g2_add_vector_x  u8g2_font.o
    0x08004ae2   0x08004ae2   0x0000001c   Code   RO         8924    i.u8g2_add_vector_y  u8g2_font.o
    0x08004afe   0x08004afe   0x0000006e   Code   RO        11401    i.u8g2_apply_clip_window  u8g2_setup.o
    0x08004b6c   0x08004b6c   0x0000003c   Code   RO        11153    i.u8g2_clip_intersection2  u8g2_hvline.o
    0x08004ba8   0x08004ba8   0x0000006a   Code   RO         8789    i.u8g2_draw_circle  u8g2_circle.o
    0x08004c12   0x08004c12   0x000000ba   Code   RO         8790    i.u8g2_draw_circle_section  u8g2_circle.o
    0x08004ccc   0x08004ccc   0x0000006a   Code   RO         8791    i.u8g2_draw_disc    u8g2_circle.o
    0x08004d36   0x08004d36   0x000000cc   Code   RO         8792    i.u8g2_draw_disc_section  u8g2_circle.o
    0x08004e02   0x08004e02   0x00000012   Code   RO        11154    i.u8g2_draw_hv_line_2dir  u8g2_hvline.o
    0x08004e14   0x08004e14   0x0000000c   Code   RO        11403    i.u8g2_draw_l90_r0  u8g2_setup.o
    0x08004e20   0x08004e20   0x00000076   Code   RO         8925    i.u8g2_draw_string  u8g2_font.o
    0x08004e96   0x08004e96   0x00000004   Code   RO         8931    i.u8g2_font_calc_vref_font  u8g2_font.o
    0x08004e9a   0x08004e9a   0x00000014   Code   RO         8933    i.u8g2_font_decode_get_signed_bits  u8g2_font.o
    0x08004eae   0x08004eae   0x00000034   Code   RO         8934    i.u8g2_font_decode_get_unsigned_bits  u8g2_font.o
    0x08004ee2   0x08004ee2   0x00000002   PAD
    0x08004ee4   0x08004ee4   0x00000114   Code   RO         8935    i.u8g2_font_decode_glyph  u8g2_font.o
    0x08004ff8   0x08004ff8   0x0000008c   Code   RO         8936    i.u8g2_font_decode_len  u8g2_font.o
    0x08005084   0x08005084   0x00000072   Code   RO         8937    i.u8g2_font_get_glyph_data  u8g2_font.o
    0x080050f6   0x080050f6   0x00000014   Code   RO         8938    i.u8g2_font_get_word  u8g2_font.o
    0x0800510a   0x0800510a   0x00000034   Code   RO         8939    i.u8g2_font_setup_decode  u8g2_font.o
    0x0800513e   0x0800513e   0x00000018   Code   RO        11211    i.u8g2_is_intersection_decision_tree  u8g2_intersection.o
    0x08005156   0x08005156   0x00000002   PAD
    0x08005158   0x08005158   0x00000090   Code   RO        11259    i.u8g2_ll_hvline_vertical_top_lsb  u8g2_ll_hvline.o
    0x080051e8   0x080051e8   0x0000000c   Code   RO         8867    i.u8g2_m_16_8_f     u8g2_d_memory.o
    0x080051f4   0x080051f4   0x0000006a   Code   RO         8940    i.u8g2_read_font_info  u8g2_font.o
    0x0800525e   0x0800525e   0x0000004e   Code   RO         8702    i.u8g2_send_buffer  u8g2_buffer.o
    0x080052ac   0x080052ac   0x00000074   Code   RO         8941    i.u8g2_string_width  u8g2_font.o
    0x08005320   0x08005320   0x00000046   Code   RO        11408    i.u8g2_update_dimension_common  u8g2_setup.o
    0x08005366   0x08005366   0x00000004   Code   RO        11409    i.u8g2_update_dimension_r0  u8g2_setup.o
    0x0800536a   0x0800536a   0x00000022   Code   RO        11413    i.u8g2_update_page_win_r0  u8g2_setup.o
    0x0800538c   0x0800538c   0x0000001e   Code   RO        12181    i.u8x8_DrawTile     u8x8_display.o
    0x080053aa   0x080053aa   0x00000010   Code   RO        12183    i.u8x8_InitDisplay  u8x8_display.o
    0x080053ba   0x080053ba   0x00000010   Code   RO        12185    i.u8x8_RefreshDisplay  u8x8_display.o
    0x080053ca   0x080053ca   0x00000010   Code   RO        12188    i.u8x8_SetPowerSave  u8x8_display.o
    0x080053da   0x080053da   0x00000022   Code   RO        12487    i.u8x8_Setup        u8x8_setup.o
    0x080053fc   0x080053fc   0x00000024   Code   RO        12488    i.u8x8_SetupDefaults  u8x8_setup.o
    0x08005420   0x08005420   0x00000010   Code   RO        12189    i.u8x8_SetupMemory  u8x8_display.o
    0x08005430   0x08005430   0x0000000e   Code   RO        11687    i.u8x8_ascii_next   u8x8_8x8.o
    0x0800543e   0x0800543e   0x00000010   Code   RO        11813    i.u8x8_byte_EndTransfer  u8x8_byte.o
    0x0800544e   0x0800544e   0x0000000e   Code   RO        11814    i.u8x8_byte_SendByte  u8x8_byte.o
    0x0800545c   0x0800545c   0x00000010   Code   RO        11817    i.u8x8_byte_StartTransfer  u8x8_byte.o
    0x0800546c   0x0800546c   0x00000070   Code   RO         8552    i.u8x8_byte_hw_i2c  stm32_u8g2.o
    0x080054dc   0x080054dc   0x00000010   Code   RO        11933    i.u8x8_cad_EndTransfer  u8x8_cad.o
    0x080054ec   0x080054ec   0x00000010   Code   RO        11934    i.u8x8_cad_SendArg  u8x8_cad.o
    0x080054fc   0x080054fc   0x00000010   Code   RO        11935    i.u8x8_cad_SendCmd  u8x8_cad.o
    0x0800550c   0x0800550c   0x00000010   Code   RO        11936    i.u8x8_cad_SendData  u8x8_cad.o
    0x0800551c   0x0800551c   0x00000068   Code   RO        11938    i.u8x8_cad_SendSequence  u8x8_cad.o
    0x08005584   0x08005584   0x00000010   Code   RO        11939    i.u8x8_cad_StartTransfer  u8x8_cad.o
    0x08005594   0x08005594   0x000000bc   Code   RO        11942    i.u8x8_cad_ssd13xx_fast_i2c  u8x8_cad.o
    0x08005650   0x08005650   0x00000060   Code   RO        12190    i.u8x8_d_helper_display_init  u8x8_display.o
    0x080056b0   0x080056b0   0x0000000a   Code   RO        12191    i.u8x8_d_helper_display_setup_memory  u8x8_display.o
    0x080056ba   0x080056ba   0x00000002   PAD
    0x080056bc   0x080056bc   0x0000003c   Code   RO        12115    i.u8x8_d_ssd1306_128x64_noname  u8x8_d_ssd1306_128x64_noname.o
    0x080056f8   0x080056f8   0x000000c8   Code   RO        12117    i.u8x8_d_ssd1306_sh1106_generic  u8x8_d_ssd1306_128x64_noname.o
    0x080057c0   0x080057c0   0x00000004   Code   RO        12490    i.u8x8_dummy_cb     u8x8_setup.o
    0x080057c4   0x080057c4   0x0000006a   Code   RO         8553    i.u8x8_gpio_and_delay  stm32_u8g2.o
    0x0800582e   0x0800582e   0x0000000c   Code   RO        12409    i.u8x8_gpio_call    u8x8_gpio.o
    0x0800583a   0x0800583a   0x0000002c   Code   RO        11950    i.u8x8_i2c_data_transfer  u8x8_cad.o
    0x08005866   0x08005866   0x00000008   Code   RO        11695    i.u8x8_utf8_init    u8x8_8x8.o
    0x0800586e   0x0800586e   0x00000002   PAD
    0x08005870   0x08005870   0x00000038   Code   RO         6614    i.udelay            driver_timer.o
    0x080058a8   0x080058a8   0x00000026   Code   RO         4844    i.uxListRemove      list.o
    0x080058ce   0x080058ce   0x00000002   PAD
    0x080058d0   0x080058d0   0x00000014   Code   RO         5880    i.vApplicationGetIdleTaskMemory  cmsis_os2.o
    0x080058e4   0x080058e4   0x00000018   Code   RO         5881    i.vApplicationGetTimerTaskMemory  cmsis_os2.o
    0x080058fc   0x080058fc   0x00000016   Code   RO         4845    i.vListInitialise   list.o
    0x08005912   0x08005912   0x00000006   Code   RO         4846    i.vListInitialiseItem  list.o
    0x08005918   0x08005918   0x00000030   Code   RO         4847    i.vListInsert       list.o
    0x08005948   0x08005948   0x00000018   Code   RO         4848    i.vListInsertEnd    list.o
    0x08005960   0x08005960   0x00000040   Code   RO         6289    i.vPortEnterCritical  port.o
    0x080059a0   0x080059a0   0x00000028   Code   RO         6290    i.vPortExitCritical  port.o
    0x080059c8   0x080059c8   0x0000005c   Code   RO         6238    i.vPortFree         heap_4.o
    0x08005a24   0x08005a24   0x00000024   Code   RO         6291    i.vPortSetupTimerInterrupt  port.o
    0x08005a48   0x08005a48   0x00000054   Code   RO         6292    i.vPortValidateInterruptPriority  port.o
    0x08005a9c   0x08005a9c   0x00000028   Code   RO         4896    i.vQueueAddToRegistry  queue.o
    0x08005ac4   0x08005ac4   0x00000044   Code   RO         4900    i.vQueueWaitForMessageRestricted  queue.o
    0x08005b08   0x08005b08   0x0000004c   Code   RO         5331    i.vTaskDelay        tasks.o
    0x08005b54   0x08005b54   0x00000010   Code   RO         5336    i.vTaskInternalSetTimeOutState  tasks.o
    0x08005b64   0x08005b64   0x0000000c   Code   RO         5337    i.vTaskMissedYield  tasks.o
    0x08005b70   0x08005b70   0x00000030   Code   RO         5339    i.vTaskPlaceOnEventList  tasks.o
    0x08005ba0   0x08005ba0   0x00000038   Code   RO         5340    i.vTaskPlaceOnEventListRestricted  tasks.o
    0x08005bd8   0x08005bd8   0x0000007c   Code   RO         5345    i.vTaskResume       tasks.o
    0x08005c54   0x08005c54   0x00000088   Code   RO         5348    i.vTaskStartScheduler  tasks.o
    0x08005cdc   0x08005cdc   0x0000009c   Code   RO         5349    i.vTaskSuspend      tasks.o
    0x08005d78   0x08005d78   0x00000010   Code   RO         5350    i.vTaskSuspendAll   tasks.o
    0x08005d88   0x08005d88   0x00000064   Code   RO         5351    i.vTaskSwitchContext  tasks.o
    0x08005dec   0x08005dec   0x000000a8   Code   RO         6293    i.xPortStartScheduler  port.o
    0x08005e94   0x08005e94   0x00000016   Code   RO         4904    i.xQueueCreateMutex  queue.o
    0x08005eaa   0x08005eaa   0x00000048   Code   RO         4907    i.xQueueGenericCreate  queue.o
    0x08005ef2   0x08005ef2   0x00000066   Code   RO         4908    i.xQueueGenericCreateStatic  queue.o
    0x08005f58   0x08005f58   0x00000088   Code   RO         4909    i.xQueueGenericReset  queue.o
    0x08005fe0   0x08005fe0   0x0000016c   Code   RO         4910    i.xQueueGenericSend  queue.o
    0x0800614c   0x0800614c   0x000000ca   Code   RO         4911    i.xQueueGenericSendFromISR  queue.o
    0x08006216   0x08006216   0x00000002   PAD
    0x08006218   0x08006218   0x00000138   Code   RO         4920    i.xQueueReceive     queue.o
    0x08006350   0x08006350   0x00000074   Code   RO         5352    i.xTaskCheckForTimeOut  tasks.o
    0x080063c4   0x080063c4   0x0000005a   Code   RO         5353    i.xTaskCreate       tasks.o
    0x0800641e   0x0800641e   0x00000056   Code   RO         5354    i.xTaskCreateStatic  tasks.o
    0x08006474   0x08006474   0x0000001c   Code   RO         5358    i.xTaskGetSchedulerState  tasks.o
    0x08006490   0x08006490   0x0000000c   Code   RO         5359    i.xTaskGetTickCount  tasks.o
    0x0800649c   0x0800649c   0x000000c8   Code   RO         5361    i.xTaskIncrementTick  tasks.o
    0x08006564   0x08006564   0x00000080   Code   RO         5364    i.xTaskPriorityDisinherit  tasks.o
    0x080065e4   0x080065e4   0x00000070   Code   RO         5366    i.xTaskRemoveFromEventList  tasks.o
    0x08006654   0x08006654   0x000000c4   Code   RO         5367    i.xTaskResumeAll    tasks.o
    0x08006718   0x08006718   0x00000060   Code   RO         5677    i.xTimerCreateTimerTask  timers.o
    0x08006778   0x08006778   0x00000068   Code   RO         5678    i.xTimerGenericCommand  timers.o
    0x080067e0   0x080067e0   0x00000012   Data   RO         1329    .constdata          stm32f1xx_hal_rcc.o
    0x080067f2   0x080067f2   0x00000010   Data   RO         4680    .constdata          system_stm32f1xx.o
    0x08006802   0x08006802   0x00000008   Data   RO         4681    .constdata          system_stm32f1xx.o
    0x0800680a   0x0800680a   0x0000001c   Data   RO         7748    .constdata          image.o
    0x08006826   0x08006826   0x0000001c   Data   RO         7749    .constdata          image.o
    0x08006842   0x08006842   0x0000001c   Data   RO         7750    .constdata          image.o
    0x0800685e   0x0800685e   0x0000001c   Data   RO         7751    .constdata          image.o
    0x0800687a   0x0800687a   0x0000001c   Data   RO         7752    .constdata          image.o
    0x08006896   0x08006896   0x0000001c   Data   RO         7753    .constdata          image.o
    0x080068b2   0x080068b2   0x00000078   Data   RO         7754    .constdata          image.o
    0x0800692a   0x0800692a   0x00000078   Data   RO         7755    .constdata          image.o
    0x080069a2   0x080069a2   0x00000078   Data   RO         7756    .constdata          image.o
    0x08006a1a   0x08006a1a   0x00000012   Data   RO         7757    .constdata          image.o
    0x08006a2c   0x08006a2c   0x00000012   Data   RO         7758    .constdata          image.o
    0x08006a3e   0x08006a3e   0x00000012   Data   RO         7759    .constdata          image.o
    0x08006a50   0x08006a50   0x00000078   Data   RO         7760    .constdata          image.o
    0x08006ac8   0x08006ac8   0x00000078   Data   RO         7761    .constdata          image.o
    0x08006b40   0x08006b40   0x00000200   Data   RO         7762    .constdata          image.o
    0x08006d40   0x08006d40   0x000000a0   Data   RO         7763    .constdata          image.o
    0x08006de0   0x08006de0   0x00000010   Data   RO         7764    .constdata          image.o
    0x08006df0   0x08006df0   0x00000010   Data   RO         7765    .constdata          image.o
    0x08006e00   0x08006e00   0x00001755   Data   RO         9402    .constdata          u8g2_fonts.o
    0x08008555   0x08008555   0x00000a1b   Data   RO         9901    .constdata          u8g2_fonts.o
    0x08008f70   0x08008f70   0x000009a1   Data   RO        10485    .constdata          u8g2_fonts.o
    0x08009911   0x08009911   0x00000f17   Data   RO        10493    .constdata          u8g2_fonts.o
    0x0800a828   0x0800a828   0x0000000c   Data   RO        11417    .constdata          u8g2_setup.o
    0x0800a834   0x0800a834   0x00000158   Data   RO        12119    .constdata          u8x8_d_ssd1306_128x64_noname.o
    0x0800a98c   0x0800a98c   0x00000029   Data   RO         7785    .conststring        menuall.o
    0x0800a9b5   0x0800a9b5   0x00000003   PAD
    0x0800a9b8   0x0800a9b8   0x00000017   Data   RO         7870    .conststring        taskfun.o
    0x0800a9cf   0x0800a9cf   0x00000001   PAD
    0x0800a9d0   0x0800a9d0   0x00000020   Data   RO        13018    Region$$Table       anon$$obj.o


    Execution Region RW_IRAM1 (Exec base: 0x20000000, Load base: 0x0800a9f0, Size: 0x00003ed0, Max: 0x00005000, ABSOLUTE, COMPRESSED[0x00000070])

    Exec Addr    Load Addr    Size         Type   Attr      Idx    E Section Name        Object

    0x20000000   COMPRESSED   0x00000010   Data   RW          268    .data               freertos.o
    0x20000010   COMPRESSED   0x0000000c   Data   RW         1166    .data               stm32f1xx_hal.o
    0x2000001c   COMPRESSED   0x00000004   Data   RW         4682    .data               system_stm32f1xx.o
    0x20000020   COMPRESSED   0x0000003c   Data   RW         5370    .data               tasks.o
    0x2000005c   COMPRESSED   0x00000014   Data   RW         5686    .data               timers.o
    0x20000070   COMPRESSED   0x00000004   Data   RW         5883    .data               cmsis_os2.o
    0x20000074   COMPRESSED   0x00000018   Data   RW         6243    .data               heap_4.o
    0x2000008c   COMPRESSED   0x0000000c   Data   RW         6294    .data               port.o
    0x20000098   COMPRESSED   0x00000008   Data   RW         6424    .data               driver_oled.o
    0x200000a0   COMPRESSED   0x0000000c   Data   RW         6538    .data               driver_mpu6050.o
    0x200000ac   COMPRESSED   0x00000004   PAD
    0x200000b0   COMPRESSED   0x00000020   Data   RW         7004    .data               driver_ir_receiver.o
    0x200000d0   COMPRESSED   0x00000020   Data   RW         7312    .data               driver_rotary_encoder.o
    0x200000f0   COMPRESSED   0x0000007c   Data   RW         7786    .data               menuall.o
    0x2000016c   COMPRESSED   0x00000004   Data   RW         7871    .data               taskfun.o
    0x20000170   COMPRESSED   0x00000004   Data   RW         7872    .data               taskfun.o
    0x20000174   COMPRESSED   0x00000024   Data   RW         7873    .data               taskfun.o
    0x20000198   COMPRESSED   0x00000001   Data   RW         8555    .data               stm32_u8g2.o
    0x20000199   COMPRESSED   0x00000006   Data   RW        11952    .data               u8x8_cad.o
    0x2000019f   COMPRESSED   0x00000001   PAD
    0x200001a0        -       0x00000030   Zero   RW          396    .bss                adc.o
    0x200001d0        -       0x00000054   Zero   RW          438    .bss                i2c.o
    0x20000224        -       0x00000058   Zero   RW          480    .bss                spi.o
    0x2000027c        -       0x000000d8   Zero   RW          527    .bss                tim.o
    0x20000354        -       0x00000048   Zero   RW          594    .bss                usart.o
    0x2000039c        -       0x000002f0   Zero   RW          636    .bss                usb.o
    0x2000068c        -       0x00000048   Zero   RW          772    .bss                stm32f1xx_hal_timebase_tim.o
    0x200006d4        -       0x00000040   Zero   RW         4927    .bss                queue.o
    0x20000714        -       0x000004c4   Zero   RW         5369    .bss                tasks.o
    0x20000bd8        -       0x0000011c   Zero   RW         5685    .bss                timers.o
    0x20000cf4        -       0x000006b8   Zero   RW         5882    .bss                cmsis_os2.o
    0x200013ac        -       0x00001f40   Zero   RW         6242    .bss                heap_4.o
    0x200032ec   COMPRESSED   0x00000004   PAD
    0x200032f0        -       0x000002c8   Zero   RW         7001    .bss                driver_ir_receiver.o
    0x200035b8        -       0x00000094   Zero   RW         7784    .bss                menuall.o
    0x2000364c        -       0x00000080   Zero   RW         8554    .bss                stm32_u8g2.o
    0x200036cc        -       0x00000400   Zero   RW         8868    .bss                u8g2_d_memory.o
    0x20003acc   COMPRESSED   0x00000004   PAD
    0x20003ad0        -       0x00000400   Zero   RW            1    STACK               startup_stm32f103xb.o


==============================================================================

Image component sizes


      Code (inc. data)   RO Data    RW Data    ZI Data      Debug   Object Name

       168         22          0          0         48       1693   adc.o
       164         22          0          4       1720      12382   cmsis_os2.o
       546         70          0         32        712       5234   driver_ir_receiver.o
        22          0          0          0          0        545   driver_irq.o
         4          0          0          0          0        451   driver_lcd.o
       108          8          0         12          0       3666   driver_mpu6050.o
       232         12          0          8          0       5204   driver_oled.o
       180         24          0         32          0       3699   driver_rotary_encoder.o
       124         14          0          0          0       1849   driver_timer.o
         0          0          0          0          0      20272   event_groups.o
        76         26          0         16          0      13400   freertos.o
       192         34          0          0          0        738   fun_u8g2.o
       336         26          0          0          0       1075   gpio.o
       460         24          0         24       8000       4759   heap_4.o
       156         26          0          0         84       1681   i2c.o
         0          0       1526          0          0       1303   image.o
       138          0          0          0          0       3486   list.o
       206          6          0          0          0     639751   main.o
      1324        152         41        124        148       4274   menuall.o
       662         70          0         12          0      10957   port.o
      1780         18          0          0         64      17902   queue.o
       184         24          0          0         88       1705   spi.o
        36          8        236          0       1024        816   startup_stm32f103xb.o
       270         28          0          1        128       2456   stm32_u8g2.o
       100         18          0         12          0       5334   stm32f1xx_hal.o
       622         24          0          0          0       3348   stm32f1xx_hal_adc.o
       158         14          0          0          0      28266   stm32f1xx_hal_cortex.o
       524         40          0          0          0       4174   stm32f1xx_hal_gpio.o
      1398         32          0          0          0       9233   stm32f1xx_hal_i2c.o
        72         10          0          0          0        898   stm32f1xx_hal_msp.o
       218          0          0          0          0       1532   stm32f1xx_hal_pcd.o
      1304         94         18          0          0       5825   stm32f1xx_hal_rcc.o
       236         12          0          0          0       1412   stm32f1xx_hal_rcc_ex.o
       178          0          0          0          0       1259   stm32f1xx_hal_spi.o
      1596         46          0          0          0      14352   stm32f1xx_hal_tim.o
       192         12          0          0          0       3253   stm32f1xx_hal_tim_ex.o
       152         20          0          0         72       1515   stm32f1xx_hal_timebase_tim.o
       284          6          0          0          0       1972   stm32f1xx_hal_uart.o
        54          6          0          0          0       3614   stm32f1xx_it.o
        44          0          0          0          0       3420   stm32f1xx_ll_usb.o
         0          0          0          0          0       8940   stream_buffer.o
         2          0         24          4          0       1155   system_stm32f1xx.o
       312         20         23         44          0       4364   taskfun.o
      2396        200          0         60       1220      26077   tasks.o
       852         68          0          0        216       4648   tim.o
       912         82          0         20        284      26191   timers.o
       224          0          0          0          0       2041   u8g2_bitmap.o
       556          0          0          0          0       2465   u8g2_box.o
       114          0          0          0          0       2443   u8g2_buffer.o
       730          0          0          0          0       5990   u8g2_circle.o
        12          4          0          0       1024        820   u8g2_d_memory.o
        56         14          0          0          0       1029   u8g2_d_setup.o
      1402         14          0          0          0      15548   u8g2_font.o
         0          0      14888          0          0     145334   u8g2_fonts.o
       320          0          0          0          0       4190   u8g2_hvline.o
        72          0          0          0          0       1855   u8g2_intersection.o
       144          0          0          0          0       1370   u8g2_ll_hvline.o
       328          0         12          0          0     146654   u8g2_setup.o
        22          0          0          0          0       1789   u8x8_8x8.o
        46          0          0          0          0       1623   u8x8_byte.o
       416         12          0          6          0       8620   u8x8_cad.o
       260         12        344          0          0       3055   u8x8_d_ssd1306_128x64_noname.o
       200          0          0          0          0       4222   u8x8_display.o
        12          0          0          0          0        573   u8x8_gpio.o
        74          4          0          0          0       1702   u8x8_setup.o
       168         20          0          0         72       1726   usart.o
        92         20          0          0        752       1578   usb.o

    ----------------------------------------------------------------------
     24284       1418      17148        416      15664    1274707   Object Totals
         0          0         32          0          0          0   (incl. Generated)
        62          0          4          5          8          0   (incl. Padding)

    ----------------------------------------------------------------------

      Code (inc. data)   RO Data    RW Data    ZI Data      Debug   Library Member Name

        86          0          0          0          0          0   __dczerorl2.o
         0          0          0          0          0          0   entry.o
         0          0          0          0          0          0   entry10a.o
         0          0          0          0          0          0   entry11a.o
         4          0          0          0          0          0   entry12b.o
         8          4          0          0          0          0   entry2.o
         4          0          0          0          0          0   entry5.o
         0          0          0          0          0          0   entry7b.o
         0          0          0          0          0          0   entry8b.o
         8          4          0          0          0          0   entry9a.o
        30          0          0          0          0          0   handlers.o
        36          8          0          0          0         68   init.o
         0          0          0          0          0          0   iusefp.o
        30          0          0          0          0         68   llshl.o
        32          0          0          0          0         68   llushr.o
        36          0          0          0          0         68   memcpya.o
        36          0          0          0          0        108   memseta.o
       884         10          0          0          0        420   printf6.o
        44          0          0          0          0         80   uidiv.o
        98          0          0          0          0         92   uldiv.o
       222          0          0          0          0        100   ddiv.o
       186          0          0          0          0        176   depilogue.o
        62          0          0          0          0         80   dfixi.o
        34          0          0          0          0         76   dflti.o
       228          0          0          0          0         96   dmul.o

    ----------------------------------------------------------------------
      2072         26          0          0          0       1500   Library Totals
         4          0          0          0          0          0   (incl. Padding)

    ----------------------------------------------------------------------

      Code (inc. data)   RO Data    RW Data    ZI Data      Debug   Library Name

      1336         26          0          0          0        972   mc_w.l
       732          0          0          0          0        528   mf_w.l

    ----------------------------------------------------------------------
      2072         26          0          0          0       1500   Library Totals

    ----------------------------------------------------------------------

==============================================================================


      Code (inc. data)   RO Data    RW Data    ZI Data      Debug   

     26356       1444      17148        416      15664    1261671   Grand Totals
     26356       1444      17148        112      15664    1261671   ELF Image Totals (compressed)
     26356       1444      17148        112          0          0   ROM Totals

==============================================================================

    Total RO  Size (Code + RO Data)                43504 (  42.48kB)
    Total RW  Size (RW Data + ZI Data)             16080 (  15.70kB)
    Total ROM Size (Code + RO Data + RW Data)      43616 (  42.59kB)

==============================================================================

