<html>
<body>
<pre>
<h1>µVision Build Log</h1>
<h2>Tool Versions:</h2>
IDE-Version: ¦ÌVision V5.32.0.0
Copyright (C) 2020 ARM Ltd and ARM Germany GmbH. All rights reserved.
License Information: 1 1, 1, LIC=65ISZ-JB5IA-MMS9I-T17IP-7GG9U-FF74C
 
Tool Versions:
Toolchain:       MDK-ARM Plus  Version: 5.32.0.0
Toolchain Path:  D:\SingleChip\keil5_532\ARM\ARMCC\Bin
C Compiler:      Armcc.exe V5.06 update 7 (build 960)
Assembler:       Armasm.exe V5.06 update 7 (build 960)
Linker/Locator:  ArmLink.exe V5.06 update 7 (build 960)
Library Manager: ArmAr.exe V5.06 update 7 (build 960)
Hex Converter:   FromElf.exe V5.06 update 7 (build 960)
CPU DLL:         SARMCM3.DLL V5.32.0.0
Dialog DLL:      DCM.DLL V1.17.3.0
Target DLL:      STLink\ST-LINKIII-KEIL_SWO.dll V3.0.8.0
Dialog DLL:      TCM.DLL V1.46.0.0
 
<h2>Project:</h2>
D:\SingleChip\DShanMCU-F103\Study\MyProject\01_freertos_template\MDK-ARM\01_freertos_template.uvprojx
Project File Date:  08/18/2024

<h2>Output:</h2>
*** Using Compiler 'V5.06 update 7 (build 960)', folder: 'D:\SingleChip\keil5_532\ARM\ARMCC\Bin'
Build target '01_freertos_template'
compiling freertos.c...
../Drivers/DshanMCU-F103/driver_ir_receiver.h(84): warning:  #1295-D: Deprecated declaration Get_QueueIRHandle - give arg types
  QueueHandle_t Get_QueueIRHandle();
../Drivers/DshanMCU-F103/driver_rotary_encoder.h(71): warning:  #1295-D: Deprecated declaration Get_QueueDriRotenHandle - give arg types
  QueueHandle_t Get_QueueDriRotenHandle();
../Core/Src/freertos.c(157): warning:  #9-D: nested comment is not allowed
    /* add threads, ... */
../Core/Src/freertos.c(196): warning:  #177-D: variable "dev"  was declared but never referenced
  	uint8_t dev, data;
../Core/Src/freertos.c(77): warning:  #550-D: variable "ret"  was set but never used
  static BaseType_t ret;
../Core/Src/freertos.c: 5 warnings, 0 errors
linking...
Program Size: Code=23880 RO-data=6996 RW-data=248 ZI-data=15616  
FromELF: creating hex file...
"01_freertos_template\01_freertos_template.axf" - 0 Error(s), 5 Warning(s).

<h2>Software Packages used:</h2>

Package Vendor: ARM
                http://www.keil.com/pack/ARM.CMSIS.5.7.0.pack
                ARM.CMSIS.5.7.0
                CMSIS (Cortex Microcontroller Software Interface Standard)
   * Component: CORE Version: 5.4.0

Package Vendor: Keil
                http://www.keil.com/pack/Keil.STM32F1xx_DFP.2.3.0.pack
                Keil.STM32F1xx_DFP.2.3.0
                STMicroelectronics STM32F1 Series Device Support, Drivers and Examples

<h2>Collection of Component include folders:</h2>
  .\RTE\_01_freertos_template
  D:\SingleChip\keil5_532\ARM\PACK\ARM\CMSIS\5.7.0\CMSIS\Core\Include
  D:\SingleChip\keil5_532\ARM\PACK\Keil\STM32F1xx_DFP\2.3.0\Device\Include

<h2>Collection of Component Files used:</h2>

   * Component: ARM::CMSIS:CORE:5.4.0
      Include file:  CMSIS\Core\Include\tz_context.h
Build Time Elapsed:  00:00:02
</pre>
</body>
</html>
