<html>
<body>
<pre>
<h1>µVision Build Log</h1>
<h2>Tool Versions:</h2>
IDE-Version: ¦ÌVision V5.32.0.0
Copyright (C) 2020 ARM Ltd and ARM Germany GmbH. All rights reserved.
License Information: 1 1, 1, LIC=65ISZ-JB5IA-MMS9I-T17IP-7GG9U-FF74C
 
Tool Versions:
Toolchain:       MDK-ARM Plus  Version: 5.32.0.0
Toolchain Path:  D:\SingleChip\keil5_532\ARM\ARMCC\Bin
C Compiler:      Armcc.exe V5.06 update 7 (build 960)
Assembler:       Armasm.exe V5.06 update 7 (build 960)
Linker/Locator:  ArmLink.exe V5.06 update 7 (build 960)
Library Manager: ArmAr.exe V5.06 update 7 (build 960)
Hex Converter:   FromElf.exe V5.06 update 7 (build 960)
CPU DLL:         SARMCM3.DLL V5.32.0.0
Dialog DLL:      DCM.DLL V1.17.3.0
Target DLL:      STLink\ST-LINKIII-KEIL_SWO.dll V3.0.8.0
Dialog DLL:      TCM.DLL V1.46.0.0
 
<h2>Project:</h2>
D:\SingleChip\DShanMCU-F103\Study\MyProject\01_freertos_template\MDK-ARM\01_freertos_template.uvprojx
Project File Date:  09/01/2024

<h2>Output:</h2>
*** Using Compiler 'V5.06 update 7 (build 960)', folder: 'D:\SingleChip\keil5_532\ARM\ARMCC\Bin'
Build target '01_freertos_template'
compiling TaskFun.c...
..\nwatch\Image.h(27): warning:  #1-D: last line of file ends without a newline
  #endif
../u8g2/fun_u8g2.h(8): warning:  #1-D: last line of file ends without a newline
  #endif
../u8g2/stm32_u8g2.h(28): warning:  #1-D: last line of file ends without a newline
  #endif
..\nwatch\Data.h(83): warning:  #1-D: last line of file ends without a newline
  #endif
..\nwatch\TaskFun.c(56): warning:  #167-D: argument of type "signed char *" is incompatible with parameter of type "char *"
  		vTaskList(pcWriteBuffer);
..\nwatch\TaskFun.c(39): warning:  #177-D: variable "freeNum"  was declared but never referenced
  	UBaseType_t freeNum;
..\nwatch\TaskFun.c(40): warning:  #177-D: variable "xTaskHandleCur"  was declared but never referenced
  	TaskHandle_t xTaskHandleCur;	
..\nwatch\TaskFun.c: 7 warnings, 0 errors
linking...
Program Size: Code=36400 RO-data=22212 RW-data=816 ZI-data=18560  
FromELF: creating hex file...
"01_freertos_template\01_freertos_template.axf" - 0 Error(s), 7 Warning(s).

<h2>Software Packages used:</h2>

Package Vendor: ARM
                http://www.keil.com/pack/ARM.CMSIS.5.7.0.pack
                ARM.CMSIS.5.7.0
                CMSIS (Cortex Microcontroller Software Interface Standard)
   * Component: CORE Version: 5.4.0

Package Vendor: Keil
                http://www.keil.com/pack/Keil.STM32F1xx_DFP.2.3.0.pack
                Keil.STM32F1xx_DFP.2.3.0
                STMicroelectronics STM32F1 Series Device Support, Drivers and Examples

<h2>Collection of Component include folders:</h2>
  .\RTE\_01_freertos_template
  D:\SingleChip\keil5_532\ARM\PACK\ARM\CMSIS\5.7.0\CMSIS\Core\Include
  D:\SingleChip\keil5_532\ARM\PACK\Keil\STM32F1xx_DFP\2.3.0\Device\Include

<h2>Collection of Component Files used:</h2>

   * Component: ARM::CMSIS:CORE:5.4.0
      Include file:  CMSIS\Core\Include\tz_context.h
Build Time Elapsed:  00:00:02
</pre>
</body>
</html>
